Archive member included to satisfy reference by file (symbol)

F:/STM32CubeIDE/STM32CubeIDE_1.14.1/STM32CubeIDE/plugins/com.st.stm32cube.ide.mcu.externaltools.gnu-tools-for-stm32.12.3.rel1.win32_1.0.200.202406191623/tools/bin/../lib/gcc/arm-none-eabi/12.3.1/../../../../arm-none-eabi/lib/thumb/v7e-m+fp/hard\libc_nano.a(libc_a-exit.o)
                              F:/STM32CubeIDE/STM32CubeIDE_1.14.1/STM32CubeIDE/plugins/com.st.stm32cube.ide.mcu.externaltools.gnu-tools-for-stm32.12.3.rel1.win32_1.0.200.202406191623/tools/bin/../lib/gcc/arm-none-eabi/12.3.1/../../../../arm-none-eabi/lib/thumb/v7e-m+fp/hard/crt0.o (exit)
F:/STM32CubeIDE/STM32CubeIDE_1.14.1/STM32CubeIDE/plugins/com.st.stm32cube.ide.mcu.externaltools.gnu-tools-for-stm32.12.3.rel1.win32_1.0.200.202406191623/tools/bin/../lib/gcc/arm-none-eabi/12.3.1/../../../../arm-none-eabi/lib/thumb/v7e-m+fp/hard\libc_nano.a(libc_a-findfp.o)
                              F:/STM32CubeIDE/STM32CubeIDE_1.14.1/STM32CubeIDE/plugins/com.st.stm32cube.ide.mcu.externaltools.gnu-tools-for-stm32.12.3.rel1.win32_1.0.200.202406191623/tools/bin/../lib/gcc/arm-none-eabi/12.3.1/../../../../arm-none-eabi/lib/thumb/v7e-m+fp/hard\libc_nano.a(libc_a-exit.o) (__stdio_exit_handler)
F:/STM32CubeIDE/STM32CubeIDE_1.14.1/STM32CubeIDE/plugins/com.st.stm32cube.ide.mcu.externaltools.gnu-tools-for-stm32.12.3.rel1.win32_1.0.200.202406191623/tools/bin/../lib/gcc/arm-none-eabi/12.3.1/../../../../arm-none-eabi/lib/thumb/v7e-m+fp/hard\libc_nano.a(libc_a-fwalk.o)
                              F:/STM32CubeIDE/STM32CubeIDE_1.14.1/STM32CubeIDE/plugins/com.st.stm32cube.ide.mcu.externaltools.gnu-tools-for-stm32.12.3.rel1.win32_1.0.200.202406191623/tools/bin/../lib/gcc/arm-none-eabi/12.3.1/../../../../arm-none-eabi/lib/thumb/v7e-m+fp/hard\libc_nano.a(libc_a-findfp.o) (_fwalk_sglue)
F:/STM32CubeIDE/STM32CubeIDE_1.14.1/STM32CubeIDE/plugins/com.st.stm32cube.ide.mcu.externaltools.gnu-tools-for-stm32.12.3.rel1.win32_1.0.200.202406191623/tools/bin/../lib/gcc/arm-none-eabi/12.3.1/../../../../arm-none-eabi/lib/thumb/v7e-m+fp/hard\libc_nano.a(libc_a-stdio.o)
                              F:/STM32CubeIDE/STM32CubeIDE_1.14.1/STM32CubeIDE/plugins/com.st.stm32cube.ide.mcu.externaltools.gnu-tools-for-stm32.12.3.rel1.win32_1.0.200.202406191623/tools/bin/../lib/gcc/arm-none-eabi/12.3.1/../../../../arm-none-eabi/lib/thumb/v7e-m+fp/hard\libc_nano.a(libc_a-findfp.o) (__sread)
F:/STM32CubeIDE/STM32CubeIDE_1.14.1/STM32CubeIDE/plugins/com.st.stm32cube.ide.mcu.externaltools.gnu-tools-for-stm32.12.3.rel1.win32_1.0.200.202406191623/tools/bin/../lib/gcc/arm-none-eabi/12.3.1/../../../../arm-none-eabi/lib/thumb/v7e-m+fp/hard\libc_nano.a(libc_a-vsnprintf.o)
                              ./my_uart/uart.o (vsnprintf)
F:/STM32CubeIDE/STM32CubeIDE_1.14.1/STM32CubeIDE/plugins/com.st.stm32cube.ide.mcu.externaltools.gnu-tools-for-stm32.12.3.rel1.win32_1.0.200.202406191623/tools/bin/../lib/gcc/arm-none-eabi/12.3.1/../../../../arm-none-eabi/lib/thumb/v7e-m+fp/hard\libc_nano.a(libc_a-memset.o)
                              F:/STM32CubeIDE/STM32CubeIDE_1.14.1/STM32CubeIDE/plugins/com.st.stm32cube.ide.mcu.externaltools.gnu-tools-for-stm32.12.3.rel1.win32_1.0.200.202406191623/tools/bin/../lib/gcc/arm-none-eabi/12.3.1/../../../../arm-none-eabi/lib/thumb/v7e-m+fp/hard/crt0.o (memset)
F:/STM32CubeIDE/STM32CubeIDE_1.14.1/STM32CubeIDE/plugins/com.st.stm32cube.ide.mcu.externaltools.gnu-tools-for-stm32.12.3.rel1.win32_1.0.200.202406191623/tools/bin/../lib/gcc/arm-none-eabi/12.3.1/../../../../arm-none-eabi/lib/thumb/v7e-m+fp/hard\libc_nano.a(libc_a-closer.o)
                              F:/STM32CubeIDE/STM32CubeIDE_1.14.1/STM32CubeIDE/plugins/com.st.stm32cube.ide.mcu.externaltools.gnu-tools-for-stm32.12.3.rel1.win32_1.0.200.202406191623/tools/bin/../lib/gcc/arm-none-eabi/12.3.1/../../../../arm-none-eabi/lib/thumb/v7e-m+fp/hard\libc_nano.a(libc_a-stdio.o) (_close_r)
F:/STM32CubeIDE/STM32CubeIDE_1.14.1/STM32CubeIDE/plugins/com.st.stm32cube.ide.mcu.externaltools.gnu-tools-for-stm32.12.3.rel1.win32_1.0.200.202406191623/tools/bin/../lib/gcc/arm-none-eabi/12.3.1/../../../../arm-none-eabi/lib/thumb/v7e-m+fp/hard\libc_nano.a(libc_a-reent.o)
                              F:/STM32CubeIDE/STM32CubeIDE_1.14.1/STM32CubeIDE/plugins/com.st.stm32cube.ide.mcu.externaltools.gnu-tools-for-stm32.12.3.rel1.win32_1.0.200.202406191623/tools/bin/../lib/gcc/arm-none-eabi/12.3.1/../../../../arm-none-eabi/lib/thumb/v7e-m+fp/hard\libc_nano.a(libc_a-closer.o) (errno)
F:/STM32CubeIDE/STM32CubeIDE_1.14.1/STM32CubeIDE/plugins/com.st.stm32cube.ide.mcu.externaltools.gnu-tools-for-stm32.12.3.rel1.win32_1.0.200.202406191623/tools/bin/../lib/gcc/arm-none-eabi/12.3.1/../../../../arm-none-eabi/lib/thumb/v7e-m+fp/hard\libc_nano.a(libc_a-impure.o)
[...]
Memory Configuration

Name             Origin             Length             Attributes
CCMRAM           0x10000000         0x00010000         xrw
RAM              0x20000000         0x00020000         xrw
FLASH            0x08000000         0x00080000         xr
*default*        0x00000000         0xffffffff

Linker script and memory map

LOAD F:/STM32CubeIDE/STM32CubeIDE_1.14.1/STM32CubeIDE/plugins/com.st.stm32cube.ide.mcu.externaltools.gnu-tools-for-stm32.12.3.rel1.win32_1.0.200.202406191623/tools/bin/../lib/gcc/arm-none-eabi/12.3.1/thumb/v7e-m+fp/hard/crti.o
LOAD F:/STM32CubeIDE/STM32CubeIDE_1.14.1/STM32CubeIDE/plugins/com.st.stm32cube.ide.mcu.externaltools.gnu-tools-for-stm32.12.3.rel1.win32_1.0.200.202406191623/tools/bin/../lib/gcc/arm-none-eabi/12.3.1/thumb/v7e-m+fp/hard/crtbegin.o
LOAD F:/STM32CubeIDE/STM32CubeIDE_1.14.1/STM32CubeIDE/plugins/com.st.stm32cube.ide.mcu.externaltools.gnu-tools-for-stm32.12.3.rel1.win32_1.0.200.202406191623/tools/bin/../lib/gcc/arm-none-eabi/12.3.1/../../../../arm-none-eabi/lib/thumb/v7e-m+fp/hard/crt0.o
LOAD ./Core/Src/main.o
LOAD ./Core/Src/stm32f4xx_hal_msp.o
LOAD ./Core/Src/stm32f4xx_it.o
LOAD ./Core/Src/syscalls.o
LOAD ./Core/Src/sysmem.o
LOAD ./Core/Src/system_stm32f4xx.o
LOAD ./Core/Startup/startup_stm32f407vetx.o
LOAD ./Drivers/STM32F4xx_HAL_Driver/Src/stm32f4xx_hal.o
LOAD ./Drivers/STM32F4xx_HAL_Driver/Src/stm32f4xx_hal_cortex.o
LOAD ./Drivers/STM32F4xx_HAL_Driver/Src/stm32f4xx_hal_dma.o
LOAD ./Drivers/STM32F4xx_HAL_Driver/Src/stm32f4xx_hal_dma_ex.o
LOAD ./Drivers/STM32F4xx_HAL_Driver/Src/stm32f4xx_hal_exti.o
LOAD ./Drivers/STM32F4xx_HAL_Driver/Src/stm32f4xx_hal_flash.o
LOAD ./Drivers/STM32F4xx_HAL_Driver/Src/stm32f4xx_hal_flash_ex.o
LOAD ./Drivers/STM32F4xx_HAL_Driver/Src/stm32f4xx_hal_flash_ramfunc.o
LOAD ./Drivers/STM32F4xx_HAL_Driver/Src/stm32f4xx_hal_gpio.o
LOAD ./Drivers/STM32F4xx_HAL_Driver/Src/stm32f4xx_hal_pcd.o
LOAD ./Drivers/STM32F4xx_HAL_Driver/Src/stm32f4xx_hal_pcd_ex.o
LOAD ./Drivers/STM32F4xx_HAL_Driver/Src/stm32f4xx_hal_pwr.o
LOAD ./Drivers/STM32F4xx_HAL_Driver/Src/stm32f4xx_hal_pwr_ex.o
LOAD ./Drivers/STM32F4xx_HAL_Driver/Src/stm32f4xx_hal_rcc.o
LOAD ./Drivers/STM32F4xx_HAL_Driver/Src/stm32f4xx_hal_rcc_ex.o
LOAD ./Drivers/STM32F4xx_HAL_Driver/Src/stm32f4xx_hal_tim.o
LOAD ./Drivers/STM32F4xx_HAL_Driver/Src/stm32f4xx_hal_tim_ex.o
LOAD ./Drivers/STM32F4xx_HAL_Driver/Src/stm32f4xx_ll_dma.o
LOAD ./Drivers/STM32F4xx_HAL_Driver/Src/stm32f4xx_ll_exti.o
LOAD ./Drivers/STM32F4xx_HAL_Driver/Src/stm32f4xx_ll_gpio.o
LOAD ./Drivers/STM32F4xx_HAL_Driver/Src/stm32f4xx_ll_rcc.o
LOAD ./Drivers/STM32F4xx_HAL_Driver/Src/stm32f4xx_ll_usart.o
LOAD ./Drivers/STM32F4xx_HAL_Driver/Src/stm32f4xx_ll_usb.o
LOAD ./Drivers/STM32F4xx_HAL_Driver/Src/stm32f4xx_ll_utils.o
LOAD ./Middlewares/ST/STM32_USB_Device_Library/Class/CDC/Src/usbd_cdc.o
LOAD ./Middlewares/ST/STM32_USB_Device_Library/Core/Src/usbd_core.o
LOAD ./Middlewares/ST/STM32_USB_Device_Library/Core/Src/usbd_ctlreq.o
LOAD ./Middlewares/ST/STM32_USB_Device_Library/Core/Src/usbd_ioreq.o
LOAD ./USB_DEVICE/App/usb_device.o
LOAD ./USB_DEVICE/App/usbd_cdc_if.o
LOAD ./USB_DEVICE/App/usbd_desc.o
LOAD ./USB_DEVICE/Target/usbd_conf.o
LOAD ./i2c_emulator/i2c_bitbang.o
LOAD ./my_uart/uart.o
START GROUP
LOAD F:/STM32CubeIDE/STM32CubeIDE_1.14.1/STM32CubeIDE/plugins/com.st.stm32cube.ide.mcu.externaltools.gnu-tools-for-stm32.12.3.rel1.win32_1.0.200.202406191623/tools/bin/../lib/gcc/arm-none-eabi/12.3.1/../../../../arm-none-eabi/lib/thumb/v7e-m+fp/hard\libc_nano.a
LOAD F:/STM32CubeIDE/STM32CubeIDE_1.14.1/STM32CubeIDE/plugins/com.st.stm32cube.ide.mcu.externaltools.gnu-tools-for-stm32.12.3.rel1.win32_1.0.200.202406191623/tools/bin/../lib/gcc/arm-none-eabi/12.3.1/../../../../arm-none-eabi/lib/thumb/v7e-m+fp/hard\libm.a
END GROUP
START GROUP
LOAD F:/STM32CubeIDE/STM32CubeIDE_1.14.1/STM32CubeIDE/plugins/com.st.stm32cube.ide.mcu.externaltools.gnu-tools-for-stm32.12.3.rel1.win32_1.0.200.202406191623/tools/bin/../lib/gcc/arm-none-eabi/12.3.1/thumb/v7e-m+fp/hard\libgcc.a
LOAD F:/STM32CubeIDE/STM32CubeIDE_1.14.1/STM32CubeIDE/plugins/com.st.stm32cube.ide.mcu.externaltools.gnu-tools-for-stm32.12.3.rel1.win32_1.0.200.202406191623/tools/bin/../lib/gcc/arm-none-eabi/12.3.1/../../../../arm-none-eabi/lib/thumb/v7e-m+fp/hard\libc_nano.a
END GROUP
START GROUP
LOAD F:/STM32CubeIDE/STM32CubeIDE_1.14.1/STM32CubeIDE/plugins/com.st.stm32cube.ide.mcu.externaltools.gnu-tools-for-stm32.12.3.rel1.win32_1.0.200.202406191623/tools/bin/../lib/gcc/arm-none-eabi/12.3.1/thumb/v7e-m+fp/hard\libgcc.a
LOAD F:/STM32CubeIDE/STM32CubeIDE_1.14.1/STM32CubeIDE/plugins/com.st.stm32cube.ide.mcu.externaltools.gnu-tools-for-stm32.12.3.rel1.win32_1.0.200.202406191623/tools/bin/../lib/gcc/arm-none-eabi/12.3.1/../../../../arm-none-eabi/lib/thumb/v7e-m+fp/hard\libc_nano.a
LOAD F:/STM32CubeIDE/STM32CubeIDE_1.14.1/STM32CubeIDE/plugins/com.st.stm32cube.ide.mcu.externaltools.gnu-tools-for-stm32.12.3.rel1.win32_1.0.200.202406191623/tools/bin/../lib/gcc/arm-none-eabi/12.3.1/../../../../arm-none-eabi/lib/thumb/v7e-m+fp/hard\libnosys.a
END GROUP
START GROUP
LOAD F:/STM32CubeIDE/STM32CubeIDE_1.14.1/STM32CubeIDE/plugins/com.st.stm32cube.ide.mcu.externaltools.gnu-tools-for-stm32.12.3.rel1.win32_1.0.200.202406191623/tools/bin/../lib/gcc/arm-none-eabi/12.3.1/thumb/v7e-m+fp/hard\libgcc.a
LOAD F:/STM32CubeIDE/STM32CubeIDE_1.14.1/STM32CubeIDE/plugins/com.st.stm32cube.ide.mcu.externaltools.gnu-tools-for-stm32.12.3.rel1.win32_1.0.200.202406191623/tools/bin/../lib/gcc/arm-none-eabi/12.3.1/../../../../arm-none-eabi/lib/thumb/v7e-m+fp/hard\libc_nano.a
LOAD F:/STM32CubeIDE/STM32CubeIDE_1.14.1/STM32CubeIDE/plugins/com.st.stm32cube.ide.mcu.externaltools.gnu-tools-for-stm32.12.3.rel1.win32_1.0.200.202406191623/tools/bin/../lib/gcc/arm-none-eabi/12.3.1/../../../../arm-none-eabi/lib/thumb/v7e-m+fp/hard\libnosys.a
END GROUP
LOAD F:/STM32CubeIDE/STM32CubeIDE_1.14.1/STM32CubeIDE/plugins/com.st.stm32cube.ide.mcu.externaltools.gnu-tools-for-stm32.12.3.rel1.win32_1.0.200.202406191623/tools/bin/../lib/gcc/arm-none-eabi/12.3.1/thumb/v7e-m+fp/hard/crtend.o
LOAD F:/STM32CubeIDE/STM32CubeIDE_1.14.1/STM32CubeIDE/plugins/com.st.stm32cube.ide.mcu.externaltools.gnu-tools-for-stm32.12.3.rel1.win32_1.0.200.202406191623/tools/bin/../lib/gcc/arm-none-eabi/12.3.1/thumb/v7e-m+fp/hard/crtn.o
                0x20020000                        _estack = (ORIGIN (RAM) + LENGTH (RAM))
                0x00000200                        _Min_Heap_Size = 0x200
                0x00000400                        _Min_Stack_Size = 0x400

.isr_vector     0x08000000      0x188
                0x08000000                        . = ALIGN (0x4)
 *(.isr_vector)
 .isr_vector    0x08000000      0x188 ./Core/Startup/startup_stm32f407vetx.o
                0x08000000                g_pfnVectors
                0x08000188                        . = ALIGN (0x4)

.text           0x08000190     0x8508
                0x08000190                        . = ALIGN (0x4)
 *(.text)
 .text          0x08000190       0x40 F:/STM32CubeIDE/STM32CubeIDE_1.14.1/STM32CubeIDE/plugins/com.st.stm32cube.ide.mcu.externaltools.gnu-tools-for-stm32.12.3.rel1.win32_1.0.200.202406191623/tools/bin/../lib/gcc/arm-none-eabi/12.3.1/thumb/v7e-m+fp/hard/crtbegin.o
 .text          0x080001d0       0x10 F:/STM32CubeIDE/STM32CubeIDE_1.14.1/STM32CubeIDE/plugins/com.st.stm32cube.ide.mcu.externaltools.gnu-tools-for-stm32.12.3.rel1.win32_1.0.200.202406191623/tools/bin/../lib/gcc/arm-none-eabi/12.3.1/../../../../arm-none-eabi/lib/thumb/v7e-m+fp/hard\libc_nano.a(libc_a-strlen.o)
                0x080001d0                strlen
 .text          0x080001e0       0xa0 F:/STM32CubeIDE/STM32CubeIDE_1.14.1/STM32CubeIDE/plugins/com.st.stm32cube.ide.mcu.externaltools.gnu-tools-for-stm32.12.3.rel1.win32_1.0.200.202406191623/tools/bin/../lib/gcc/arm-none-eabi/12.3.1/../../../../arm-none-eabi/lib/thumb/v7e-m+fp/hard\libc_nano.a(libc_a-memchr.o)
                0x080001e0                memchr
 .text          0x08000280       0x30 F:/STM32CubeIDE/STM32CubeIDE_1.14.1/STM32CubeIDE/plugins/com.st.stm32cube.ide.mcu.externaltools.gnu-tools-for-stm32.12.3.rel1.win32_1.0.200.202406191623/tools/bin/../lib/gcc/arm-none-eabi/12.3.1/thumb/v7e-m+fp/hard\libgcc.a(_aeabi_uldivmod.o)
                0x08000280                __aeabi_uldivmod
 .text          0x080002b0      0x2bc F:/STM32CubeIDE/STM32CubeIDE_1.14.1/STM32CubeIDE/plugins/com.st.stm32cube.ide.mcu.externaltools.gnu-tools-for-stm32.12.3.rel1.win32_1.0.200.202406191623/tools/bin/../lib/gcc/arm-none-eabi/12.3.1/thumb/v7e-m+fp/hard\libgcc.a(_udivmoddi4.o)
                0x080002b0                __udivmoddi4
 .text          0x0800056c        0x4 F:/STM32CubeIDE/STM32CubeIDE_1.14.1/STM32CubeIDE/plugins/com.st.stm32cube.ide.mcu.externaltools.gnu-tools-for-stm32.12.3.rel1.win32_1.0.200.202406191623/tools/bin/../lib/gcc/arm-none-eabi/12.3.1/thumb/v7e-m+fp/hard\libgcc.a(_dvmd_tls.o)
                0x0800056c                __aeabi_idiv0
                0x0800056c                __aeabi_ldiv0
 *(.text*)
 .text.__NVIC_GetPriorityGrouping
                0x08000570       0x1c ./Core/Src/main.o
 .text.__NVIC_EnableIRQ
                0x0800058c       0x3c ./Core/Src/main.o
 .text.__NVIC_SetPriority
                0x080005c8       0x54 ./Core/Src/main.o
 .text.NVIC_EncodePriority
                0x0800061c       0x66 ./Core/Src/main.o
 *fill*         0x08000682        0x2 
 .text.LL_RCC_HSE_Enable
                0x08000684       0x20 ./Core/Src/main.o
 .text.LL_RCC_HSE_IsReady
                0x080006a4       0x28 ./Core/Src/main.o
 .text.LL_RCC_SetSysClkSource
                0x080006cc       0x28 ./Core/Src/main.o
 .text.LL_RCC_GetSysClkSource
                0x080006f4       0x1c ./Core/Src/main.o
 .text.LL_RCC_SetAHBPrescaler
                0x08000710       0x28 ./Core/Src/main.o
 .text.LL_RCC_SetAPB1Prescaler
                0x08000738       0x28 ./Core/Src/main.o
 .text.LL_RCC_SetAPB2Prescaler
                0x08000760       0x28 ./Core/Src/main.o
 .text.LL_RCC_PLL_Enable
                0x08000788       0x20 ./Core/Src/main.o
 .text.LL_RCC_PLL_IsReady
                0x080007a8       0x28 ./Core/Src/main.o
 .text.LL_RCC_PLL_ConfigDomain_SYS
                0x080007d0       0x4c ./Core/Src/main.o
 .text.LL_RCC_PLL_ConfigDomain_48M
                0x0800081c       0x40 ./Core/Src/main.o
 .text.LL_AHB1_GRP1_EnableClock
                0x0800085c       0x30 ./Core/Src/main.o
 .text.LL_APB2_GRP1_EnableClock
                0x0800088c       0x30 ./Core/Src/main.o
 .text.LL_FLASH_SetLatency
                0x080008bc       0x28 ./Core/Src/main.o
 .text.LL_FLASH_GetLatency
                0x080008e4       0x1c ./Core/Src/main.o
 .text.LL_PWR_SetRegulVoltageScaling
                0x08000900       0x28 ./Core/Src/main.o
 .text.LL_PWR_IsActiveFlag_VOS
                0x08000928       0x28 ./Core/Src/main.o
 .text.LL_USART_Enable
                0x08000950       0x20 ./Core/Src/main.o
 .text.LL_USART_ConfigAsyncMode
                0x08000970       0x2c ./Core/Src/main.o
 .text.main     0x0800099c       0x30 ./Core/Src/main.o
                0x0800099c                main
 .text.SystemClock_Config
                0x080009cc       0xb0 ./Core/Src/main.o
                0x080009cc                SystemClock_Config
 .text.MX_USART1_UART_Init
                0x08000a7c       0xc0 ./Core/Src/main.o
 .text.MX_GPIO_Init
                0x08000b3c       0x1a ./Core/Src/main.o
 .text.Error_Handler
                0x08000b56        0xc ./Core/Src/main.o
                0x08000b56                Error_Handler
 *fill*         0x08000b62        0x2 
 .text.HAL_MspInit
                0x08000b64       0x50 ./Core/Src/stm32f4xx_hal_msp.o
                0x08000b64                HAL_MspInit
 .text.LL_EXTI_IsActiveFlag_0_31
                0x08000bb4       0x2c ./Core/Src/stm32f4xx_it.o
 .text.LL_EXTI_ClearFlag_0_31
                0x08000be0       0x20 ./Core/Src/stm32f4xx_it.o
 .text.NMI_Handler
                0x08000c00        0x8 ./Core/Src/stm32f4xx_it.o
                0x08000c00                NMI_Handler
 .text.HardFault_Handler
                0x08000c08        0x8 ./Core/Src/stm32f4xx_it.o
                0x08000c08                HardFault_Handler
 .text.MemManage_Handler
                0x08000c10        0x8 ./Core/Src/stm32f4xx_it.o
                0x08000c10                MemManage_Handler
 .text.BusFault_Handler
                0x08000c18        0x8 ./Core/Src/stm32f4xx_it.o
                0x08000c18                BusFault_Handler
 .text.UsageFault_Handler
                0x08000c20        0x8 ./Core/Src/stm32f4xx_it.o
                0x08000c20                UsageFault_Handler
 .text.SVC_Handler
                0x08000c28        0xe ./Core/Src/stm32f4xx_it.o
                0x08000c28                SVC_Handler
 .text.DebugMon_Handler
                0x08000c36        0xe ./Core/Src/stm32f4xx_it.o
                0x08000c36                DebugMon_Handler
 .text.PendSV_Handler
                0x08000c44        0xe ./Core/Src/stm32f4xx_it.o
                0x08000c44                PendSV_Handler
 .text.SysTick_Handler
                0x08000c52        0xc ./Core/Src/stm32f4xx_it.o
                0x08000c52                SysTick_Handler
 .text.USART1_IRQHandler
                0x08000c5e        0xe ./Core/Src/stm32f4xx_it.o
                0x08000c5e                USART1_IRQHandler
 .text.OTG_FS_IRQHandler
                0x08000c6c       0x14 ./Core/Src/stm32f4xx_it.o
                0x08000c6c                OTG_FS_IRQHandler
 .text.EXTI9_5_IRQHandler
                0x08000c80       0x34 ./Core/Src/stm32f4xx_it.o
                0x08000c80                EXTI9_5_IRQHandler
 .text._sbrk    0x08000cb4       0x6c ./Core/Src/sysmem.o
                0x08000cb4                _sbrk
 .text.SystemInit
                0x08000d20       0x24 ./Core/Src/system_stm32f4xx.o
                0x08000d20                SystemInit
 .text.Reset_Handler
                0x08000d44       0x50 ./Core/Startup/startup_stm32f407vetx.o
                0x08000d44                Reset_Handler
 .text.Default_Handler
                0x08000d94        0x2 ./Core/Startup/startup_stm32f407vetx.o
                0x08000d94                RTC_Alarm_IRQHandler
                0x08000d94                HASH_RNG_IRQHandler
                0x08000d94                EXTI2_IRQHandler
                0x08000d94                TIM8_CC_IRQHandler
                0x08000d94                TIM1_CC_IRQHandler
                0x08000d94                DMA2_Stream5_IRQHandler
                0x08000d94                DMA1_Stream5_IRQHandler
                0x08000d94                PVD_IRQHandler
                0x08000d94                SDIO_IRQHandler
                0x08000d94                TAMP_STAMP_IRQHandler
                0x08000d94                CAN2_RX1_IRQHandler
                0x08000d94                EXTI3_IRQHandler
                0x08000d94                TIM8_TRG_COM_TIM14_IRQHandler
                0x08000d94                TIM1_UP_TIM10_IRQHandler
                0x08000d94                TIM8_UP_TIM13_IRQHandler
                0x08000d94                I2C3_ER_IRQHandler
                0x08000d94                EXTI0_IRQHandler
                0x08000d94                I2C2_EV_IRQHandler
                0x08000d94                DMA1_Stream2_IRQHandler
                0x08000d94                CAN1_RX0_IRQHandler
                0x08000d94                FPU_IRQHandler
                0x08000d94                OTG_HS_WKUP_IRQHandler
                0x08000d94                CAN2_SCE_IRQHandler
                0x08000d94                DMA2_Stream2_IRQHandler
                0x08000d94                SPI1_IRQHandler
                0x08000d94                TIM6_DAC_IRQHandler
                0x08000d94                TIM1_BRK_TIM9_IRQHandler
                0x08000d94                DCMI_IRQHandler
                0x08000d94                CAN2_RX0_IRQHandler
                0x08000d94                DMA2_Stream3_IRQHandler
                0x08000d94                USART6_IRQHandler
                0x08000d94                USART3_IRQHandler
                0x08000d94                CAN1_RX1_IRQHandler
                0x08000d94                UART5_IRQHandler
                0x08000d94                DMA2_Stream0_IRQHandler
                0x08000d94                TIM4_IRQHandler
                0x08000d94                I2C1_EV_IRQHandler
                0x08000d94                DMA1_Stream6_IRQHandler
                0x08000d94                DMA1_Stream1_IRQHandler
                0x08000d94                UART4_IRQHandler
                0x08000d94                TIM3_IRQHandler
                0x08000d94                RCC_IRQHandler
                0x08000d94                TIM8_BRK_TIM12_IRQHandler
                0x08000d94                Default_Handler
                0x08000d94                EXTI15_10_IRQHandler
                0x08000d94                ADC_IRQHandler
                0x08000d94                DMA1_Stream7_IRQHandler
                0x08000d94                TIM7_IRQHandler
                0x08000d94                CAN2_TX_IRQHandler
                0x08000d94                TIM5_IRQHandler
                0x08000d94                DMA2_Stream7_IRQHandler
                0x08000d94                I2C3_EV_IRQHandler
                0x08000d94                RTC_WKUP_IRQHandler
                0x08000d94                ETH_WKUP_IRQHandler
                0x08000d94                SPI2_IRQHandler
                0x08000d94                OTG_HS_EP1_IN_IRQHandler
                0x08000d94                DMA1_Stream0_IRQHandler
                0x08000d94                CAN1_TX_IRQHandler
                0x08000d94                EXTI4_IRQHandler
                0x08000d94                FSMC_IRQHandler
                0x08000d94                ETH_IRQHandler
                0x08000d94                OTG_HS_EP1_OUT_IRQHandler
                0x08000d94                WWDG_IRQHandler
                0x08000d94                TIM2_IRQHandler
                0x08000d94                OTG_FS_WKUP_IRQHandler
                0x08000d94                TIM1_TRG_COM_TIM11_IRQHandler
                0x08000d94                OTG_HS_IRQHandler
                0x08000d94                EXTI1_IRQHandler
                0x08000d94                USART2_IRQHandler
                0x08000d94                I2C2_ER_IRQHandler
                0x08000d94                DMA2_Stream1_IRQHandler
                0x08000d94                CAN1_SCE_IRQHandler
                0x08000d94                FLASH_IRQHandler
                0x08000d94                DMA2_Stream4_IRQHandler
                0x08000d94                SPI3_IRQHandler
                0x08000d94                DMA1_Stream4_IRQHandler
                0x08000d94                I2C1_ER_IRQHandler
                0x08000d94                DMA2_Stream6_IRQHandler
                0x08000d94                DMA1_Stream3_IRQHandler
 *fill*         0x08000d96        0x2 
 .text.HAL_Init
                0x08000d98       0x44 ./Drivers/STM32F4xx_HAL_Driver/Src/stm32f4xx_hal.o
                0x08000d98                HAL_Init
 .text.HAL_InitTick
                0x08000ddc       0x60 ./Drivers/STM32F4xx_HAL_Driver/Src/stm32f4xx_hal.o
                0x08000ddc                HAL_InitTick
 .text.HAL_IncTick
                0x08000e3c       0x28 ./Drivers/STM32F4xx_HAL_Driver/Src/stm32f4xx_hal.o
                0x08000e3c                HAL_IncTick
 .text.HAL_GetTick
                0x08000e64       0x18 ./Drivers/STM32F4xx_HAL_Driver/Src/stm32f4xx_hal.o
                0x08000e64                HAL_GetTick
 .text.HAL_Delay
                0x08000e7c       0x48 ./Drivers/STM32F4xx_HAL_Driver/Src/stm32f4xx_hal.o
                0x08000e7c                HAL_Delay
 .text.__NVIC_SetPriorityGrouping
                0x08000ec4       0x48 ./Drivers/STM32F4xx_HAL_Driver/Src/stm32f4xx_hal_cortex.o
 .text.__NVIC_GetPriorityGrouping
                0x08000f0c       0x1c ./Drivers/STM32F4xx_HAL_Driver/Src/stm32f4xx_hal_cortex.o
 .text.__NVIC_EnableIRQ
                0x08000f28       0x3c ./Drivers/STM32F4xx_HAL_Driver/Src/stm32f4xx_hal_cortex.o
 .text.__NVIC_SetPriority
                0x08000f64       0x54 ./Drivers/STM32F4xx_HAL_Driver/Src/stm32f4xx_hal_cortex.o
 .text.NVIC_EncodePriority
                0x08000fb8       0x66 ./Drivers/STM32F4xx_HAL_Driver/Src/stm32f4xx_hal_cortex.o
 *fill*         0x0800101e        0x2 
 .text.SysTick_Config
                0x08001020       0x44 ./Drivers/STM32F4xx_HAL_Driver/Src/stm32f4xx_hal_cortex.o
 .text.HAL_NVIC_SetPriorityGrouping
                0x08001064       0x16 ./Drivers/STM32F4xx_HAL_Driver/Src/stm32f4xx_hal_cortex.o
                0x08001064                HAL_NVIC_SetPriorityGrouping
 .text.HAL_NVIC_SetPriority
                0x0800107a       0x38 ./Drivers/STM32F4xx_HAL_Driver/Src/stm32f4xx_hal_cortex.o
                0x0800107a                HAL_NVIC_SetPriority
 .text.HAL_NVIC_EnableIRQ
                0x080010b2       0x1c ./Drivers/STM32F4xx_HAL_Driver/Src/stm32f4xx_hal_cortex.o
                0x080010b2                HAL_NVIC_EnableIRQ
 .text.HAL_SYSTICK_Config
                0x080010ce       0x18 ./Drivers/STM32F4xx_HAL_Driver/Src/stm32f4xx_hal_cortex.o
                0x080010ce                HAL_SYSTICK_Config
 *fill*         0x080010e6        0x2 
 .text.HAL_GPIO_Init
                0x080010e8      0x338 ./Drivers/STM32F4xx_HAL_Driver/Src/stm32f4xx_hal_gpio.o
                0x080010e8                HAL_GPIO_Init
 .text.HAL_PCD_Init
                0x08001420      0x21e ./Drivers/STM32F4xx_HAL_Driver/Src/stm32f4xx_hal_pcd.o
                0x08001420                HAL_PCD_Init
 .text.HAL_PCD_Start
                0x0800163e       0x6a ./Drivers/STM32F4xx_HAL_Driver/Src/stm32f4xx_hal_pcd.o
                0x0800163e                HAL_PCD_Start
 .text.HAL_PCD_IRQHandler
                0x080016a8      0x942 ./Drivers/STM32F4xx_HAL_Driver/Src/stm32f4xx_hal_pcd.o
                0x080016a8                HAL_PCD_IRQHandler
 .text.HAL_PCD_SetAddress
                0x08001fea       0x48 ./Drivers/STM32F4xx_HAL_Driver/Src/stm32f4xx_hal_pcd.o
                0x08001fea                HAL_PCD_SetAddress
 .text.HAL_PCD_EP_Open
                0x08002032       0xd4 ./Drivers/STM32F4xx_HAL_Driver/Src/stm32f4xx_hal_pcd.o
                0x08002032                HAL_PCD_EP_Open
 .text.HAL_PCD_EP_Close
                0x08002106       0x94 ./Drivers/STM32F4xx_HAL_Driver/Src/stm32f4xx_hal_pcd.o
                0x08002106                HAL_PCD_EP_Close
 .text.HAL_PCD_EP_Receive
                0x0800219a       0x76 ./Drivers/STM32F4xx_HAL_Driver/Src/stm32f4xx_hal_pcd.o
                0x0800219a                HAL_PCD_EP_Receive
 .text.HAL_PCD_EP_GetRxCount
                0x08002210       0x30 ./Drivers/STM32F4xx_HAL_Driver/Src/stm32f4xx_hal_pcd.o
                0x08002210                HAL_PCD_EP_GetRxCount
 .text.HAL_PCD_EP_Transmit
                0x08002240       0x74 ./Drivers/STM32F4xx_HAL_Driver/Src/stm32f4xx_hal_pcd.o
                0x08002240                HAL_PCD_EP_Transmit
 .text.HAL_PCD_EP_SetStall
                0x080022b4       0xc6 ./Drivers/STM32F4xx_HAL_Driver/Src/stm32f4xx_hal_pcd.o
                0x080022b4                HAL_PCD_EP_SetStall
 .text.HAL_PCD_EP_ClrStall
                0x0800237a       0xac ./Drivers/STM32F4xx_HAL_Driver/Src/stm32f4xx_hal_pcd.o
                0x0800237a                HAL_PCD_EP_ClrStall
 .text.HAL_PCD_EP_Abort
                0x08002426       0x62 ./Drivers/STM32F4xx_HAL_Driver/Src/stm32f4xx_hal_pcd.o
                0x08002426                HAL_PCD_EP_Abort
 .text.PCD_WriteEmptyTxFifo
                0x08002488      0x118 ./Drivers/STM32F4xx_HAL_Driver/Src/stm32f4xx_hal_pcd.o
 .text.PCD_EP_OutXfrComplete_int
                0x080025a0      0x1d0 ./Drivers/STM32F4xx_HAL_Driver/Src/stm32f4xx_hal_pcd.o
 .text.PCD_EP_OutSetupPacket_int
                0x08002770       0x8c ./Drivers/STM32F4xx_HAL_Driver/Src/stm32f4xx_hal_pcd.o
 .text.HAL_PCDEx_SetTxFiFo
                0x080027fc       0x8e ./Drivers/STM32F4xx_HAL_Driver/Src/stm32f4xx_hal_pcd_ex.o
                0x080027fc                HAL_PCDEx_SetTxFiFo
 .text.HAL_PCDEx_SetRxFiFo
                0x0800288a       0x22 ./Drivers/STM32F4xx_HAL_Driver/Src/stm32f4xx_hal_pcd_ex.o
                0x0800288a                HAL_PCDEx_SetRxFiFo
 .text.HAL_PCDEx_LPM_Callback
                0x080028ac       0x18 ./Drivers/STM32F4xx_HAL_Driver/Src/stm32f4xx_hal_pcd_ex.o
                0x080028ac                HAL_PCDEx_LPM_Callback
 .text.HAL_RCC_GetHCLKFreq
                0x080028c4       0x18 ./Drivers/STM32F4xx_HAL_Driver/Src/stm32f4xx_hal_rcc.o
                0x080028c4                HAL_RCC_GetHCLKFreq
 .text.LL_GPIO_SetPinMode
                0x080028dc       0x7a ./Drivers/STM32F4xx_HAL_Driver/Src/stm32f4xx_ll_gpio.o
 .text.LL_GPIO_SetPinOutputType
                0x08002956       0x30 ./Drivers/STM32F4xx_HAL_Driver/Src/stm32f4xx_ll_gpio.o
 .text.LL_GPIO_SetPinSpeed
                0x08002986       0x7a ./Drivers/STM32F4xx_HAL_Driver/Src/stm32f4xx_ll_gpio.o
 .text.LL_GPIO_SetPinPull
                0x08002a00       0x7a ./Drivers/STM32F4xx_HAL_Driver/Src/stm32f4xx_ll_gpio.o
 .text.LL_GPIO_SetAFPin_0_7
                0x08002a7a       0x7a ./Drivers/STM32F4xx_HAL_Driver/Src/stm32f4xx_ll_gpio.o
 .text.LL_GPIO_SetAFPin_8_15
                0x08002af4       0x7e ./Drivers/STM32F4xx_HAL_Driver/Src/stm32f4xx_ll_gpio.o
 .text.LL_GPIO_Init
                0x08002b72      0x102 ./Drivers/STM32F4xx_HAL_Driver/Src/stm32f4xx_ll_gpio.o
                0x08002b72                LL_GPIO_Init
 .text.LL_RCC_GetSysClkSource
                0x08002c74       0x1c ./Drivers/STM32F4xx_HAL_Driver/Src/stm32f4xx_ll_rcc.o
 .text.LL_RCC_GetAHBPrescaler
                0x08002c90       0x1c ./Drivers/STM32F4xx_HAL_Driver/Src/stm32f4xx_ll_rcc.o
 .text.LL_RCC_GetAPB1Prescaler
                0x08002cac       0x1c ./Drivers/STM32F4xx_HAL_Driver/Src/stm32f4xx_ll_rcc.o
 .text.LL_RCC_GetAPB2Prescaler
                0x08002cc8       0x1c ./Drivers/STM32F4xx_HAL_Driver/Src/stm32f4xx_ll_rcc.o
 .text.LL_RCC_PLL_GetMainSource
                0x08002ce4       0x1c ./Drivers/STM32F4xx_HAL_Driver/Src/stm32f4xx_ll_rcc.o
 .text.LL_RCC_PLL_GetN
                0x08002d00       0x1c ./Drivers/STM32F4xx_HAL_Driver/Src/stm32f4xx_ll_rcc.o
 .text.LL_RCC_PLL_GetP
                0x08002d1c       0x1c ./Drivers/STM32F4xx_HAL_Driver/Src/stm32f4xx_ll_rcc.o
 .text.LL_RCC_PLL_GetDivider
                0x08002d38       0x1c ./Drivers/STM32F4xx_HAL_Driver/Src/stm32f4xx_ll_rcc.o
 .text.LL_RCC_GetSystemClocksFreq
                0x08002d54       0x4a ./Drivers/STM32F4xx_HAL_Driver/Src/stm32f4xx_ll_rcc.o
                0x08002d54                LL_RCC_GetSystemClocksFreq
 *fill*         0x08002d9e        0x2 
 .text.RCC_GetSystemClockFreq
                0x08002da0       0x50 ./Drivers/STM32F4xx_HAL_Driver/Src/stm32f4xx_ll_rcc.o
                0x08002da0                RCC_GetSystemClockFreq
 .text.RCC_GetHCLKClockFreq
                0x08002df0       0x2c ./Drivers/STM32F4xx_HAL_Driver/Src/stm32f4xx_ll_rcc.o
                0x08002df0                RCC_GetHCLKClockFreq
 .text.RCC_GetPCLK1ClockFreq
                0x08002e1c       0x28 ./Drivers/STM32F4xx_HAL_Driver/Src/stm32f4xx_ll_rcc.o
                0x08002e1c                RCC_GetPCLK1ClockFreq
 .text.RCC_GetPCLK2ClockFreq
                0x08002e44       0x28 ./Drivers/STM32F4xx_HAL_Driver/Src/stm32f4xx_ll_rcc.o
                0x08002e44                RCC_GetPCLK2ClockFreq
 .text.RCC_PLL_GetFreqDomain_SYS
                0x08002e6c       0x7c ./Drivers/STM32F4xx_HAL_Driver/Src/stm32f4xx_ll_rcc.o
                0x08002e6c                RCC_PLL_GetFreqDomain_SYS
 .text.LL_USART_IsEnabled
                0x08002ee8       0x28 ./Drivers/STM32F4xx_HAL_Driver/Src/stm32f4xx_ll_usart.o
 .text.LL_USART_SetStopBitsLength
                0x08002f10       0x26 ./Drivers/STM32F4xx_HAL_Driver/Src/stm32f4xx_ll_usart.o
 .text.LL_USART_SetHWFlowCtrl
                0x08002f36       0x26 ./Drivers/STM32F4xx_HAL_Driver/Src/stm32f4xx_ll_usart.o
 .text.LL_USART_SetBaudRate
                0x08002f5c      0x45c ./Drivers/STM32F4xx_HAL_Driver/Src/stm32f4xx_ll_usart.o
 .text.LL_USART_Init
                0x080033b8      0x100 ./Drivers/STM32F4xx_HAL_Driver/Src/stm32f4xx_ll_usart.o
                0x080033b8                LL_USART_Init
 .text.USB_CoreInit
                0x080034b8       0xc8 ./Drivers/STM32F4xx_HAL_Driver/Src/stm32f4xx_ll_usb.o
                0x080034b8                USB_CoreInit
 .text.USB_SetTurnaroundTime
                0x08003580      0x144 ./Drivers/STM32F4xx_HAL_Driver/Src/stm32f4xx_ll_usb.o
                0x08003580                USB_SetTurnaroundTime
 .text.USB_EnableGlobalInt
                0x080036c4       0x22 ./Drivers/STM32F4xx_HAL_Driver/Src/stm32f4xx_ll_usb.o
                0x080036c4                USB_EnableGlobalInt
 .text.USB_DisableGlobalInt
                0x080036e6       0x22 ./Drivers/STM32F4xx_HAL_Driver/Src/stm32f4xx_ll_usb.o
                0x080036e6                USB_DisableGlobalInt
 .text.USB_SetCurrentMode
                0x08003708       0x98 ./Drivers/STM32F4xx_HAL_Driver/Src/stm32f4xx_ll_usb.o
                0x08003708                USB_SetCurrentMode
 .text.USB_DevInit
                0x080037a0      0x2c8 ./Drivers/STM32F4xx_HAL_Driver/Src/stm32f4xx_ll_usb.o
                0x080037a0                USB_DevInit
 .text.USB_FlushTxFifo
                0x08003a68       0x64 ./Drivers/STM32F4xx_HAL_Driver/Src/stm32f4xx_ll_usb.o
                0x08003a68                USB_FlushTxFifo
 .text.USB_FlushRxFifo
                0x08003acc       0x5c ./Drivers/STM32F4xx_HAL_Driver/Src/stm32f4xx_ll_usb.o
                0x08003acc                USB_FlushRxFifo
 .text.USB_SetDevSpeed
                0x08003b28       0x32 ./Drivers/STM32F4xx_HAL_Driver/Src/stm32f4xx_ll_usb.o
                0x08003b28                USB_SetDevSpeed
 .text.USB_GetDevSpeed
                0x08003b5a       0x4a ./Drivers/STM32F4xx_HAL_Driver/Src/stm32f4xx_ll_usb.o
                0x08003b5a                USB_GetDevSpeed
 .text.USB_ActivateEndpoint
                0x08003ba4      0x10e ./Drivers/STM32F4xx_HAL_Driver/Src/stm32f4xx_ll_usb.o
                0x08003ba4                USB_ActivateEndpoint
 *fill*         0x08003cb2        0x2 
 .text.USB_DeactivateEndpoint
                0x08003cb4      0x1b8 ./Drivers/STM32F4xx_HAL_Driver/Src/stm32f4xx_ll_usb.o
                0x08003cb4                USB_DeactivateEndpoint
 .text.USB_EPStartXfer
                0x08003e6c      0x53c ./Drivers/STM32F4xx_HAL_Driver/Src/stm32f4xx_ll_usb.o
                0x08003e6c                USB_EPStartXfer
 .text.USB_EPStopXfer
                0x080043a8      0x154 ./Drivers/STM32F4xx_HAL_Driver/Src/stm32f4xx_ll_usb.o
                0x080043a8                USB_EPStopXfer
 .text.USB_WritePacket
                0x080044fc       0x7c ./Drivers/STM32F4xx_HAL_Driver/Src/stm32f4xx_ll_usb.o
                0x080044fc                USB_WritePacket
 .text.USB_ReadPacket
                0x08004578       0xb0 ./Drivers/STM32F4xx_HAL_Driver/Src/stm32f4xx_ll_usb.o
                0x08004578                USB_ReadPacket
 .text.USB_EPSetStall
                0x08004628       0xdc ./Drivers/STM32F4xx_HAL_Driver/Src/stm32f4xx_ll_usb.o
                0x08004628                USB_EPSetStall
 .text.USB_EPClearStall
                0x08004704       0xcc ./Drivers/STM32F4xx_HAL_Driver/Src/stm32f4xx_ll_usb.o
                0x08004704                USB_EPClearStall
 .text.USB_SetDevAddress
                0x080047d0       0x4c ./Drivers/STM32F4xx_HAL_Driver/Src/stm32f4xx_ll_usb.o
                0x080047d0                USB_SetDevAddress
 .text.USB_DevConnect
                0x0800481c       0x42 ./Drivers/STM32F4xx_HAL_Driver/Src/stm32f4xx_ll_usb.o
                0x0800481c                USB_DevConnect
 .text.USB_DevDisconnect
                0x0800485e       0x42 ./Drivers/STM32F4xx_HAL_Driver/Src/stm32f4xx_ll_usb.o
                0x0800485e                USB_DevDisconnect
 .text.USB_ReadInterrupts
                0x080048a0       0x26 ./Drivers/STM32F4xx_HAL_Driver/Src/stm32f4xx_ll_usb.o
                0x080048a0                USB_ReadInterrupts
 .text.USB_ReadDevAllOutEpInterrupt
                0x080048c6       0x34 ./Drivers/STM32F4xx_HAL_Driver/Src/stm32f4xx_ll_usb.o
                0x080048c6                USB_ReadDevAllOutEpInterrupt
 .text.USB_ReadDevAllInEpInterrupt
                0x080048fa       0x34 ./Drivers/STM32F4xx_HAL_Driver/Src/stm32f4xx_ll_usb.o
                0x080048fa                USB_ReadDevAllInEpInterrupt
 .text.USB_ReadDevOutEPInterrupt
                0x0800492e       0x3c ./Drivers/STM32F4xx_HAL_Driver/Src/stm32f4xx_ll_usb.o
                0x0800492e                USB_ReadDevOutEPInterrupt
 .text.USB_ReadDevInEPInterrupt
                0x0800496a       0x5c ./Drivers/STM32F4xx_HAL_Driver/Src/stm32f4xx_ll_usb.o
                0x0800496a                USB_ReadDevInEPInterrupt
 .text.USB_GetMode
                0x080049c6       0x1c ./Drivers/STM32F4xx_HAL_Driver/Src/stm32f4xx_ll_usb.o
                0x080049c6                USB_GetMode
 .text.USB_ActivateSetup
                0x080049e2       0x46 ./Drivers/STM32F4xx_HAL_Driver/Src/stm32f4xx_ll_usb.o
                0x080049e2                USB_ActivateSetup
 .text.USB_EP0_OutStart
                0x08004a28       0xbc ./Drivers/STM32F4xx_HAL_Driver/Src/stm32f4xx_ll_usb.o
                0x08004a28                USB_EP0_OutStart
 .text.USB_CoreReset
                0x08004ae4       0x62 ./Drivers/STM32F4xx_HAL_Driver/Src/stm32f4xx_ll_usb.o
 *fill*         0x08004b46        0x2 
 .text.LL_SetSystemCoreClock
                0x08004b48       0x20 ./Drivers/STM32F4xx_HAL_Driver/Src/stm32f4xx_ll_utils.o
                0x08004b48                LL_SetSystemCoreClock
 .text.USBD_CDC_Init
                0x08004b68      0x1f0 ./Middlewares/ST/STM32_USB_Device_Library/Class/CDC/Src/usbd_cdc.o
 .text.USBD_CDC_DeInit
                0x08004d58      0x104 ./Middlewares/ST/STM32_USB_Device_Library/Class/CDC/Src/usbd_cdc.o
 .text.USBD_CDC_Setup
                0x08004e5c      0x1b8 ./Middlewares/ST/STM32_USB_Device_Library/Class/CDC/Src/usbd_cdc.o
 .text.USBD_CDC_DataIn
                0x08005014       0xfe ./Middlewares/ST/STM32_USB_Device_Library/Class/CDC/Src/usbd_cdc.o
 .text.USBD_CDC_DataOut
                0x08005112       0x70 ./Middlewares/ST/STM32_USB_Device_Library/Class/CDC/Src/usbd_cdc.o
 .text.USBD_CDC_EP0_RxReady
                0x08005182       0x74 ./Middlewares/ST/STM32_USB_Device_Library/Class/CDC/Src/usbd_cdc.o
 *fill*         0x080051f6        0x2 
 .text.USBD_CDC_GetFSCfgDesc
                0x080051f8       0x70 ./Middlewares/ST/STM32_USB_Device_Library/Class/CDC/Src/usbd_cdc.o
 .text.USBD_CDC_GetHSCfgDesc
                0x08005268       0x70 ./Middlewares/ST/STM32_USB_Device_Library/Class/CDC/Src/usbd_cdc.o
 .text.USBD_CDC_GetOtherSpeedCfgDesc
                0x080052d8       0x70 ./Middlewares/ST/STM32_USB_Device_Library/Class/CDC/Src/usbd_cdc.o
 .text.USBD_CDC_GetDeviceQualifierDescriptor
                0x08005348       0x20 ./Middlewares/ST/STM32_USB_Device_Library/Class/CDC/Src/usbd_cdc.o
                0x08005348                USBD_CDC_GetDeviceQualifierDescriptor
 .text.USBD_CDC_RegisterInterface
                0x08005368       0x34 ./Middlewares/ST/STM32_USB_Device_Library/Class/CDC/Src/usbd_cdc.o
                0x08005368                USBD_CDC_RegisterInterface
 .text.USBD_CDC_SetTxBuffer
                0x0800539c       0x44 ./Middlewares/ST/STM32_USB_Device_Library/Class/CDC/Src/usbd_cdc.o
                0x0800539c                USBD_CDC_SetTxBuffer
 .text.USBD_CDC_SetRxBuffer
                0x080053e0       0x3a ./Middlewares/ST/STM32_USB_Device_Library/Class/CDC/Src/usbd_cdc.o
                0x080053e0                USBD_CDC_SetRxBuffer
 *fill*         0x0800541a        0x2 
 .text.USBD_CDC_ReceivePacket
                0x0800541c       0x6c ./Middlewares/ST/STM32_USB_Device_Library/Class/CDC/Src/usbd_cdc.o
                0x0800541c                USBD_CDC_ReceivePacket
 .text.USBD_Init
                0x08005488       0x60 ./Middlewares/ST/STM32_USB_Device_Library/Core/Src/usbd_core.o
                0x08005488                USBD_Init
 .text.USBD_RegisterClass
                0x080054e8       0x6c ./Middlewares/ST/STM32_USB_Device_Library/Core/Src/usbd_core.o
                0x080054e8                USBD_RegisterClass
 .text.USBD_Start
                0x08005554       0x18 ./Middlewares/ST/STM32_USB_Device_Library/Core/Src/usbd_core.o
                0x08005554                USBD_Start
 .text.USBD_RunTestMode
                0x0800556c       0x16 ./Middlewares/ST/STM32_USB_Device_Library/Core/Src/usbd_core.o
                0x0800556c                USBD_RunTestMode
 .text.USBD_SetClassConfig
                0x08005582       0x38 ./Middlewares/ST/STM32_USB_Device_Library/Core/Src/usbd_core.o
                0x08005582                USBD_SetClassConfig
 .text.USBD_ClrClassConfig
                0x080055ba       0x34 ./Middlewares/ST/STM32_USB_Device_Library/Core/Src/usbd_core.o
                0x080055ba                USBD_ClrClassConfig
 .text.USBD_LL_SetupStage
                0x080055ee       0xaa ./Middlewares/ST/STM32_USB_Device_Library/Core/Src/usbd_core.o
                0x080055ee                USBD_LL_SetupStage
 .text.USBD_LL_DataOutStage
                0x08005698      0x166 ./Middlewares/ST/STM32_USB_Device_Library/Core/Src/usbd_core.o
                0x08005698                USBD_LL_DataOutStage
 .text.USBD_LL_DataInStage
                0x080057fe      0x164 ./Middlewares/ST/STM32_USB_Device_Library/Core/Src/usbd_core.o
                0x080057fe                USBD_LL_DataInStage
 .text.USBD_LL_Reset
                0x08005962       0xa4 ./Middlewares/ST/STM32_USB_Device_Library/Core/Src/usbd_core.o
                0x08005962                USBD_LL_Reset
 .text.USBD_LL_SetSpeed
                0x08005a06       0x20 ./Middlewares/ST/STM32_USB_Device_Library/Core/Src/usbd_core.o
                0x08005a06                USBD_LL_SetSpeed
 .text.USBD_LL_Suspend
                0x08005a26       0x38 ./Middlewares/ST/STM32_USB_Device_Library/Core/Src/usbd_core.o
                0x08005a26                USBD_LL_Suspend
 .text.USBD_LL_Resume
                0x08005a5e       0x30 ./Middlewares/ST/STM32_USB_Device_Library/Core/Src/usbd_core.o
                0x08005a5e                USBD_LL_Resume
 .text.USBD_LL_SOF
                0x08005a8e       0x40 ./Middlewares/ST/STM32_USB_Device_Library/Core/Src/usbd_core.o
                0x08005a8e                USBD_LL_SOF
 .text.USBD_LL_IsoINIncomplete
                0x08005ace       0x64 ./Middlewares/ST/STM32_USB_Device_Library/Core/Src/usbd_core.o
                0x08005ace                USBD_LL_IsoINIncomplete
 .text.USBD_LL_IsoOUTIncomplete
                0x08005b32       0x64 ./Middlewares/ST/STM32_USB_Device_Library/Core/Src/usbd_core.o
                0x08005b32                USBD_LL_IsoOUTIncomplete
 .text.USBD_LL_DevConnected
                0x08005b96       0x16 ./Middlewares/ST/STM32_USB_Device_Library/Core/Src/usbd_core.o
                0x08005b96                USBD_LL_DevConnected
 .text.USBD_LL_DevDisconnected
                0x08005bac       0x46 ./Middlewares/ST/STM32_USB_Device_Library/Core/Src/usbd_core.o
                0x08005bac                USBD_LL_DevDisconnected
 .text.USBD_CoreFindIF
                0x08005bf2       0x1a ./Middlewares/ST/STM32_USB_Device_Library/Core/Src/usbd_core.o
                0x08005bf2                USBD_CoreFindIF
 .text.USBD_CoreFindEP
                0x08005c0c       0x1a ./Middlewares/ST/STM32_USB_Device_Library/Core/Src/usbd_core.o
                0x08005c0c                USBD_CoreFindEP
 .text.USBD_GetEpDesc
                0x08005c26       0x70 ./Middlewares/ST/STM32_USB_Device_Library/Core/Src/usbd_core.o
                0x08005c26                USBD_GetEpDesc
 .text.USBD_GetNextDesc
                0x08005c96       0x38 ./Middlewares/ST/STM32_USB_Device_Library/Core/Src/usbd_core.o
                0x08005c96                USBD_GetNextDesc
 .text.SWAPBYTE
                0x08005cce       0x3c ./Middlewares/ST/STM32_USB_Device_Library/Core/Src/usbd_ctlreq.o
 *fill*         0x08005d0a        0x2 
 .text.USBD_StdDevReq
                0x08005d0c       0xe4 ./Middlewares/ST/STM32_USB_Device_Library/Core/Src/usbd_ctlreq.o
                0x08005d0c                USBD_StdDevReq
 .text.USBD_StdItfReq
                0x08005df0       0xd8 ./Middlewares/ST/STM32_USB_Device_Library/Core/Src/usbd_ctlreq.o
                0x08005df0                USBD_StdItfReq
 .text.USBD_StdEPReq
                0x08005ec8      0x33a ./Middlewares/ST/STM32_USB_Device_Library/Core/Src/usbd_ctlreq.o
                0x08005ec8                USBD_StdEPReq
 *fill*         0x08006202        0x2 
 .text.USBD_GetDescriptor
                0x08006204      0x2d4 ./Middlewares/ST/STM32_USB_Device_Library/Core/Src/usbd_ctlreq.o
 .text.USBD_SetAddress
                0x080064d8       0x88 ./Middlewares/ST/STM32_USB_Device_Library/Core/Src/usbd_ctlreq.o
 .text.USBD_SetConfig
                0x08006560      0x154 ./Middlewares/ST/STM32_USB_Device_Library/Core/Src/usbd_ctlreq.o
 .text.USBD_GetConfig
                0x080066b4       0x6c ./Middlewares/ST/STM32_USB_Device_Library/Core/Src/usbd_ctlreq.o
 .text.USBD_GetStatus
                0x08006720       0x68 ./Middlewares/ST/STM32_USB_Device_Library/Core/Src/usbd_ctlreq.o
 .text.USBD_SetFeature
                0x08006788       0x52 ./Middlewares/ST/STM32_USB_Device_Library/Core/Src/usbd_ctlreq.o
 .text.USBD_ClrFeature
                0x080067da       0x44 ./Middlewares/ST/STM32_USB_Device_Library/Core/Src/usbd_ctlreq.o
 .text.USBD_ParseSetupRequest
                0x0800681e       0x74 ./Middlewares/ST/STM32_USB_Device_Library/Core/Src/usbd_ctlreq.o
                0x0800681e                USBD_ParseSetupRequest
 .text.USBD_CtlError
                0x08006892       0x22 ./Middlewares/ST/STM32_USB_Device_Library/Core/Src/usbd_ctlreq.o
                0x08006892                USBD_CtlError
 .text.USBD_GetString
                0x080068b4       0xa4 ./Middlewares/ST/STM32_USB_Device_Library/Core/Src/usbd_ctlreq.o
                0x080068b4                USBD_GetString
 .text.USBD_GetLen
                0x08006958       0x34 ./Middlewares/ST/STM32_USB_Device_Library/Core/Src/usbd_ctlreq.o
 .text.USBD_CtlSendData
                0x0800698c       0x36 ./Middlewares/ST/STM32_USB_Device_Library/Core/Src/usbd_ioreq.o
                0x0800698c                USBD_CtlSendData
 .text.USBD_CtlContinueSendData
                0x080069c2       0x22 ./Middlewares/ST/STM32_USB_Device_Library/Core/Src/usbd_ioreq.o
                0x080069c2                USBD_CtlContinueSendData
 .text.USBD_CtlPrepareRx
                0x080069e4       0x3a ./Middlewares/ST/STM32_USB_Device_Library/Core/Src/usbd_ioreq.o
                0x080069e4                USBD_CtlPrepareRx
 .text.USBD_CtlContinueRx
                0x08006a1e       0x22 ./Middlewares/ST/STM32_USB_Device_Library/Core/Src/usbd_ioreq.o
                0x08006a1e                USBD_CtlContinueRx
 .text.USBD_CtlSendStatus
                0x08006a40       0x26 ./Middlewares/ST/STM32_USB_Device_Library/Core/Src/usbd_ioreq.o
                0x08006a40                USBD_CtlSendStatus
 .text.USBD_CtlReceiveStatus
                0x08006a66       0x26 ./Middlewares/ST/STM32_USB_Device_Library/Core/Src/usbd_ioreq.o
                0x08006a66                USBD_CtlReceiveStatus
 .text.MX_USB_DEVICE_Init
                0x08006a8c       0x60 ./USB_DEVICE/App/usb_device.o
                0x08006a8c                MX_USB_DEVICE_Init
 .text.CDC_Init_FS
                0x08006aec       0x28 ./USB_DEVICE/App/usbd_cdc_if.o
 .text.CDC_DeInit_FS
                0x08006b14       0x10 ./USB_DEVICE/App/usbd_cdc_if.o
 .text.CDC_Control_FS
                0x08006b24       0xbc ./USB_DEVICE/App/usbd_cdc_if.o
 .text.CDC_Receive_FS
                0x08006be0       0x28 ./USB_DEVICE/App/usbd_cdc_if.o
 .text.CDC_TransmitCplt_FS
                0x08006c08       0x22 ./USB_DEVICE/App/usbd_cdc_if.o
 *fill*         0x08006c2a        0x2 
 .text.USBD_FS_DeviceDescriptor
                0x08006c2c       0x24 ./USB_DEVICE/App/usbd_desc.o
                0x08006c2c                USBD_FS_DeviceDescriptor
 .text.USBD_FS_LangIDStrDescriptor
                0x08006c50       0x24 ./USB_DEVICE/App/usbd_desc.o
                0x08006c50                USBD_FS_LangIDStrDescriptor
 .text.USBD_FS_ProductStrDescriptor
                0x08006c74       0x3c ./USB_DEVICE/App/usbd_desc.o
                0x08006c74                USBD_FS_ProductStrDescriptor
 .text.USBD_FS_ManufacturerStrDescriptor
                0x08006cb0       0x28 ./USB_DEVICE/App/usbd_desc.o
                0x08006cb0                USBD_FS_ManufacturerStrDescriptor
 .text.USBD_FS_SerialStrDescriptor
                0x08006cd8       0x24 ./USB_DEVICE/App/usbd_desc.o
                0x08006cd8                USBD_FS_SerialStrDescriptor
 .text.USBD_FS_ConfigStrDescriptor
                0x08006cfc       0x3c ./USB_DEVICE/App/usbd_desc.o
                0x08006cfc                USBD_FS_ConfigStrDescriptor
 .text.USBD_FS_InterfaceStrDescriptor
                0x08006d38       0x3c ./USB_DEVICE/App/usbd_desc.o
                0x08006d38                USBD_FS_InterfaceStrDescriptor
 .text.Get_SerialNum
                0x08006d74       0x58 ./USB_DEVICE/App/usbd_desc.o
 .text.IntToUnicode
                0x08006dcc       0x7e ./USB_DEVICE/App/usbd_desc.o
 *fill*         0x08006e4a        0x2 
 .text.HAL_PCD_MspInit
                0x08006e4c       0xa8 ./USB_DEVICE/Target/usbd_conf.o
                0x08006e4c                HAL_PCD_MspInit
 .text.HAL_PCD_SetupStageCallback
                0x08006ef4       0x24 ./USB_DEVICE/Target/usbd_conf.o
                0x08006ef4                HAL_PCD_SetupStageCallback
 .text.HAL_PCD_DataOutStageCallback
                0x08006f18       0x36 ./USB_DEVICE/Target/usbd_conf.o
                0x08006f18                HAL_PCD_DataOutStageCallback
 .text.HAL_PCD_DataInStageCallback
                0x08006f4e       0x34 ./USB_DEVICE/Target/usbd_conf.o
                0x08006f4e                HAL_PCD_DataInStageCallback
 .text.HAL_PCD_SOFCallback
                0x08006f82       0x1c ./USB_DEVICE/Target/usbd_conf.o
                0x08006f82                HAL_PCD_SOFCallback
 .text.HAL_PCD_ResetCallback
                0x08006f9e       0x50 ./USB_DEVICE/Target/usbd_conf.o
                0x08006f9e                HAL_PCD_ResetCallback
 *fill*         0x08006fee        0x2 
 .text.HAL_PCD_SuspendCallback
                0x08006ff0       0x4c ./USB_DEVICE/Target/usbd_conf.o
                0x08006ff0                HAL_PCD_SuspendCallback
 .text.HAL_PCD_ResumeCallback
                0x0800703c       0x1c ./USB_DEVICE/Target/usbd_conf.o
                0x0800703c                HAL_PCD_ResumeCallback
 .text.HAL_PCD_ISOOUTIncompleteCallback
                0x08007058       0x24 ./USB_DEVICE/Target/usbd_conf.o
                0x08007058                HAL_PCD_ISOOUTIncompleteCallback
 .text.HAL_PCD_ISOINIncompleteCallback
                0x0800707c       0x24 ./USB_DEVICE/Target/usbd_conf.o
                0x0800707c                HAL_PCD_ISOINIncompleteCallback
 .text.HAL_PCD_ConnectCallback
                0x080070a0       0x1c ./USB_DEVICE/Target/usbd_conf.o
                0x080070a0                HAL_PCD_ConnectCallback
 .text.HAL_PCD_DisconnectCallback
                0x080070bc       0x1c ./USB_DEVICE/Target/usbd_conf.o
                0x080070bc                HAL_PCD_DisconnectCallback
 .text.USBD_LL_Init
                0x080070d8       0x98 ./USB_DEVICE/Target/usbd_conf.o
                0x080070d8                USBD_LL_Init
 .text.USBD_LL_Start
                0x08007170       0x36 ./USB_DEVICE/Target/usbd_conf.o
                0x08007170                USBD_LL_Start
 .text.USBD_LL_OpenEP
                0x080071a6       0x4c ./USB_DEVICE/Target/usbd_conf.o
                0x080071a6                USBD_LL_OpenEP
 .text.USBD_LL_CloseEP
                0x080071f2       0x3e ./USB_DEVICE/Target/usbd_conf.o
                0x080071f2                USBD_LL_CloseEP
 .text.USBD_LL_StallEP
                0x08007230       0x3e ./USB_DEVICE/Target/usbd_conf.o
                0x08007230                USBD_LL_StallEP
 .text.USBD_LL_ClearStallEP
                0x0800726e       0x3e ./USB_DEVICE/Target/usbd_conf.o
                0x0800726e                USBD_LL_ClearStallEP
 .text.USBD_LL_IsStallEP
                0x080072ac       0x58 ./USB_DEVICE/Target/usbd_conf.o
                0x080072ac                USBD_LL_IsStallEP
 .text.USBD_LL_SetUSBAddress
                0x08007304       0x3e ./USB_DEVICE/Target/usbd_conf.o
                0x08007304                USBD_LL_SetUSBAddress
 .text.USBD_LL_Transmit
                0x08007342       0x42 ./USB_DEVICE/Target/usbd_conf.o
                0x08007342                USBD_LL_Transmit
 .text.USBD_LL_PrepareReceive
                0x08007384       0x42 ./USB_DEVICE/Target/usbd_conf.o
                0x08007384                USBD_LL_PrepareReceive
 .text.USBD_LL_GetRxDataSize
                0x080073c6       0x26 ./USB_DEVICE/Target/usbd_conf.o
                0x080073c6                USBD_LL_GetRxDataSize
 .text.USBD_static_malloc
                0x080073ec       0x1c ./USB_DEVICE/Target/usbd_conf.o
                0x080073ec                USBD_static_malloc
 .text.USBD_static_free
                0x08007408       0x14 ./USB_DEVICE/Target/usbd_conf.o
                0x08007408                USBD_static_free
 .text.USBD_Get_USB_Status
                0x0800741c       0x58 ./USB_DEVICE/Target/usbd_conf.o
                0x0800741c                USBD_Get_USB_Status
 .text.__NVIC_EnableIRQ
                0x08007474       0x3c ./i2c_emulator/i2c_bitbang.o
 .text.__NVIC_SetPriority
                0x080074b0       0x54 ./i2c_emulator/i2c_bitbang.o
 .text.LL_AHB1_GRP1_EnableClock
                0x08007504       0x30 ./i2c_emulator/i2c_bitbang.o
 .text.LL_SYSCFG_SetEXTISource
                0x08007534       0x6c ./i2c_emulator/i2c_bitbang.o
 .text.LL_EXTI_EnableIT_0_31
                0x080075a0       0x24 ./i2c_emulator/i2c_bitbang.o
 .text.LL_EXTI_DisableIT_0_31
                0x080075c4       0x28 ./i2c_emulator/i2c_bitbang.o
 .text.LL_EXTI_EnableRisingTrig_0_31
                0x080075ec       0x24 ./i2c_emulator/i2c_bitbang.o
 .text.LL_EXTI_EnableFallingTrig_0_31
                0x08007610       0x24 ./i2c_emulator/i2c_bitbang.o
 .text.LL_GPIO_SetPinMode
                0x08007634       0x7a ./i2c_emulator/i2c_bitbang.o
 .text.LL_GPIO_SetPinOutputType
                0x080076ae       0x30 ./i2c_emulator/i2c_bitbang.o
 .text.LL_GPIO_SetPinSpeed
                0x080076de       0x7a ./i2c_emulator/i2c_bitbang.o
 .text.LL_GPIO_SetPinPull
                0x08007758       0x7a ./i2c_emulator/i2c_bitbang.o
 .text.LL_GPIO_IsInputPinSet
                0x080077d2       0x2a ./i2c_emulator/i2c_bitbang.o
 .text.LL_GPIO_SetOutputPin
                0x080077fc       0x1c ./i2c_emulator/i2c_bitbang.o
 .text.LL_GPIO_ResetOutputPin
                0x08007818       0x1e ./i2c_emulator/i2c_bitbang.o
 *fill*         0x08007836        0x2 
 .text.DWT_Clock_Enable
                0x08007838       0x40 ./i2c_emulator/i2c_bitbang.o
                0x08007838                DWT_Clock_Enable
 .text.I2C_Bitbang_Init
                0x08007878       0x78 ./i2c_emulator/i2c_bitbang.o
                0x08007878                I2C_Bitbang_Init
 .text.I2C_SDA_High
                0x080078f0       0x14 ./i2c_emulator/i2c_bitbang.o
 .text.I2C_SDA_Low
                0x08007904       0x14 ./i2c_emulator/i2c_bitbang.o
 .text.I2C_Read_SDA
                0x08007918       0x20 ./i2c_emulator/i2c_bitbang.o
 .text.I2C_Read_SCL
                0x08007938       0x20 ./i2c_emulator/i2c_bitbang.o
 .text.I2C_Read_Bit
                0x08007958       0x20 ./i2c_emulator/i2c_bitbang.o
 .text.i2c_set_sda_opendrain
                0x08007978       0x34 ./i2c_emulator/i2c_bitbang.o
 .text.i2c_set_sda_input
                0x080079ac       0x18 ./i2c_emulator/i2c_bitbang.o
 .text.i2c_enable_sda_falling
                0x080079c4       0x14 ./i2c_emulator/i2c_bitbang.o
 .text.i2c_enable_scl_rising
                0x080079d8        0xe ./i2c_emulator/i2c_bitbang.o
 *fill*         0x080079e6        0x2 
 .text.i2c_disable_scl_rising
                0x080079e8       0x1c ./i2c_emulator/i2c_bitbang.o
 .text.i2c_disable_sda_falling
                0x08007a04        0xe ./i2c_emulator/i2c_bitbang.o
 *fill*         0x08007a12        0x2 
 .text.check_start_condition
                0x08007a14       0x38 ./i2c_emulator/i2c_bitbang.o
                0x08007a14                check_start_condition
 .text.I2C_Event_Take
                0x08007a4c      0x1c0 ./i2c_emulator/i2c_bitbang.o
                0x08007a4c                I2C_Event_Take
 .text.LL_USART_IsActiveFlag_TC
                0x08007c0c       0x26 ./my_uart/uart.o
 .text.LL_USART_IsActiveFlag_TXE
                0x08007c32       0x26 ./my_uart/uart.o
 .text.LL_USART_TransmitData8
                0x08007c58       0x1e ./my_uart/uart.o
 *fill*         0x08007c76        0x2 
 .text.uart_print
                0x08007c78       0x60 ./my_uart/uart.o
 .text.uart_printf
                0x08007cd8       0x36 ./my_uart/uart.o
                0x08007cd8                uart_printf
 .text._vsnprintf_r
                0x08007d0e       0x56 F:/STM32CubeIDE/STM32CubeIDE_1.14.1/STM32CubeIDE/plugins/com.st.stm32cube.ide.mcu.externaltools.gnu-tools-for-stm32.12.3.rel1.win32_1.0.200.202406191623/tools/bin/../lib/gcc/arm-none-eabi/12.3.1/../../../../arm-none-eabi/lib/thumb/v7e-m+fp/hard\libc_nano.a(libc_a-vsnprintf.o)
                0x08007d0e                _vsniprintf_r
                0x08007d0e                _vsnprintf_r
 .text.vsnprintf
                0x08007d64       0x1c F:/STM32CubeIDE/STM32CubeIDE_1.14.1/STM32CubeIDE/plugins/com.st.stm32cube.ide.mcu.externaltools.gnu-tools-for-stm32.12.3.rel1.win32_1.0.200.202406191623/tools/bin/../lib/gcc/arm-none-eabi/12.3.1/../../../../arm-none-eabi/lib/thumb/v7e-m+fp/hard\libc_nano.a(libc_a-vsnprintf.o)
                0x08007d64                vsniprintf
                0x08007d64                vsnprintf
 .text.memset   0x08007d80       0x10 F:/STM32CubeIDE/STM32CubeIDE_1.14.1/STM32CubeIDE/plugins/com.st.stm32cube.ide.mcu.externaltools.gnu-tools-for-stm32.12.3.rel1.win32_1.0.200.202406191623/tools/bin/../lib/gcc/arm-none-eabi/12.3.1/../../../../arm-none-eabi/lib/thumb/v7e-m+fp/hard\libc_nano.a(libc_a-memset.o)
                0x08007d80                memset
 .text.__errno  0x08007d90        0xc F:/STM32CubeIDE/STM32CubeIDE_1.14.1/STM32CubeIDE/plugins/com.st.stm32cube.ide.mcu.externaltools.gnu-tools-for-stm32.12.3.rel1.win32_1.0.200.202406191623/tools/bin/../lib/gcc/arm-none-eabi/12.3.1/../../../../arm-none-eabi/lib/thumb/v7e-m+fp/hard\libc_nano.a(libc_a-errno.o)
                0x08007d90                __errno
 .text.__libc_init_array
                0x08007d9c       0x48 F:/STM32CubeIDE/STM32CubeIDE_1.14.1/STM32CubeIDE/plugins/com.st.stm32cube.ide.mcu.externaltools.gnu-tools-for-stm32.12.3.rel1.win32_1.0.200.202406191623/tools/bin/../lib/gcc/arm-none-eabi/12.3.1/../../../../arm-none-eabi/lib/thumb/v7e-m+fp/hard\libc_nano.a(libc_a-init.o)
                0x08007d9c                __libc_init_array
 .text.__retarget_lock_acquire_recursive
                0x08007de4        0x2 F:/STM32CubeIDE/STM32CubeIDE_1.14.1/STM32CubeIDE/plugins/com.st.stm32cube.ide.mcu.externaltools.gnu-tools-for-stm32.12.3.rel1.win32_1.0.200.202406191623/tools/bin/../lib/gcc/arm-none-eabi/12.3.1/../../../../arm-none-eabi/lib/thumb/v7e-m+fp/hard\libc_nano.a(libc_a-lock.o)
                0x08007de4                __retarget_lock_acquire_recursive
 .text.__retarget_lock_release_recursive
                0x08007de6        0x2 F:/STM32CubeIDE/STM32CubeIDE_1.14.1/STM32CubeIDE/plugins/com.st.stm32cube.ide.mcu.externaltools.gnu-tools-for-stm32.12.3.rel1.win32_1.0.200.202406191623/tools/bin/../lib/gcc/arm-none-eabi/12.3.1/../../../../arm-none-eabi/lib/thumb/v7e-m+fp/hard\libc_nano.a(libc_a-lock.o)
                0x08007de6                __retarget_lock_release_recursive
 .text._free_r  0x08007de8       0x94 F:/STM32CubeIDE/STM32CubeIDE_1.14.1/STM32CubeIDE/plugins/com.st.stm32cube.ide.mcu.externaltools.gnu-tools-for-stm32.12.3.rel1.win32_1.0.200.202406191623/tools/bin/../lib/gcc/arm-none-eabi/12.3.1/../../../../arm-none-eabi/lib/thumb/v7e-m+fp/hard\libc_nano.a(libc_a-freer.o)
                0x08007de8                _free_r
 .text.sbrk_aligned
                0x08007e7c       0x44 F:/STM32CubeIDE/STM32CubeIDE_1.14.1/STM32CubeIDE/plugins/com.st.stm32cube.ide.mcu.externaltools.gnu-tools-for-stm32.12.3.rel1.win32_1.0.200.202406191623/tools/bin/../lib/gcc/arm-none-eabi/12.3.1/../../../../arm-none-eabi/lib/thumb/v7e-m+fp/hard\libc_nano.a(libc_a-mallocr.o)
 .text._malloc_r
                0x08007ec0      0x100 F:/STM32CubeIDE/STM32CubeIDE_1.14.1/STM32CubeIDE/plugins/com.st.stm32cube.ide.mcu.externaltools.gnu-tools-for-stm32.12.3.rel1.win32_1.0.200.202406191623/tools/bin/../lib/gcc/arm-none-eabi/12.3.1/../../../../arm-none-eabi/lib/thumb/v7e-m+fp/hard\libc_nano.a(libc_a-mallocr.o)
                0x08007ec0                _malloc_r
 .text.__malloc_lock
                0x08007fc0        0xc F:/STM32CubeIDE/STM32CubeIDE_1.14.1/STM32CubeIDE/plugins/com.st.stm32cube.ide.mcu.externaltools.gnu-tools-for-stm32.12.3.rel1.win32_1.0.200.202406191623/tools/bin/../lib/gcc/arm-none-eabi/12.3.1/../../../../arm-none-eabi/lib/thumb/v7e-m+fp/hard\libc_nano.a(libc_a-mlock.o)
                0x08007fc0                __malloc_lock
 .text.__malloc_unlock
                0x08007fcc        0xc F:/STM32CubeIDE/STM32CubeIDE_1.14.1/STM32CubeIDE/plugins/com.st.stm32cube.ide.mcu.externaltools.gnu-tools-for-stm32.12.3.rel1.win32_1.0.200.202406191623/tools/bin/../lib/gcc/arm-none-eabi/12.3.1/../../../../arm-none-eabi/lib/thumb/v7e-m+fp/hard\libc_nano.a(libc_a-mlock.o)
                0x08007fcc                __malloc_unlock
 .text.__ssputs_r
                0x08007fd8       0xb6 F:/STM32CubeIDE/STM32CubeIDE_1.14.1/STM32CubeIDE/plugins/com.st.stm32cube.ide.mcu.externaltools.gnu-tools-for-stm32.12.3.rel1.win32_1.0.200.202406191623/tools/bin/../lib/gcc/arm-none-eabi/12.3.1/../../../../arm-none-eabi/lib/thumb/v7e-m+fp/hard\libc_nano.a(libc_a-nano-svfprintf.o)
                0x08007fd8                __ssputs_r
 *fill*         0x0800808e        0x2 
 .text._svfprintf_r
                0x08008090      0x1f8 F:/STM32CubeIDE/STM32CubeIDE_1.14.1/STM32CubeIDE/plugins/com.st.stm32cube.ide.mcu.externaltools.gnu-tools-for-stm32.12.3.rel1.win32_1.0.200.202406191623/tools/bin/../lib/gcc/arm-none-eabi/12.3.1/../../../../arm-none-eabi/lib/thumb/v7e-m+fp/hard\libc_nano.a(libc_a-nano-svfprintf.o)
                0x08008090                _svfiprintf_r
                0x08008090                _svfprintf_r
 .text._printf_common
                0x08008288       0xda F:/STM32CubeIDE/STM32CubeIDE_1.14.1/STM32CubeIDE/plugins/com.st.stm32cube.ide.mcu.externaltools.gnu-tools-for-stm32.12.3.rel1.win32_1.0.200.202406191623/tools/bin/../lib/gcc/arm-none-eabi/12.3.1/../../../../arm-none-eabi/lib/thumb/v7e-m+fp/hard\libc_nano.a(libc_a-nano-vfprintf_i.o)
                0x08008288                _printf_common
 *fill*         0x08008362        0x2 
 .text._printf_i
                0x08008364      0x240 F:/STM32CubeIDE/STM32CubeIDE_1.14.1/STM32CubeIDE/plugins/com.st.stm32cube.ide.mcu.externaltools.gnu-tools-for-stm32.12.3.rel1.win32_1.0.200.202406191623/tools/bin/../lib/gcc/arm-none-eabi/12.3.1/../../../../arm-none-eabi/lib/thumb/v7e-m+fp/hard\libc_nano.a(libc_a-nano-vfprintf_i.o)
                0x08008364                _printf_i
 .text.memmove  0x080085a4       0x34 F:/STM32CubeIDE/STM32CubeIDE_1.14.1/STM32CubeIDE/plugins/com.st.stm32cube.ide.mcu.externaltools.gnu-tools-for-stm32.12.3.rel1.win32_1.0.200.202406191623/tools/bin/../lib/gcc/arm-none-eabi/12.3.1/../../../../arm-none-eabi/lib/thumb/v7e-m+fp/hard\libc_nano.a(libc_a-memmove.o)
                0x080085a4                memmove
 .text._sbrk_r  0x080085d8       0x20 F:/STM32CubeIDE/STM32CubeIDE_1.14.1/STM32CubeIDE/plugins/com.st.stm32cube.ide.mcu.externaltools.gnu-tools-for-stm32.12.3.rel1.win32_1.0.200.202406191623/tools/bin/../lib/gcc/arm-none-eabi/12.3.1/../../../../arm-none-eabi/lib/thumb/v7e-m+fp/hard\libc_nano.a(libc_a-sbrkr.o)
                0x080085d8                _sbrk_r
 .text.memcpy   0x080085f8       0x1c F:/STM32CubeIDE/STM32CubeIDE_1.14.1/STM32CubeIDE/plugins/com.st.stm32cube.ide.mcu.externaltools.gnu-tools-for-stm32.12.3.rel1.win32_1.0.200.202406191623/tools/bin/../lib/gcc/arm-none-eabi/12.3.1/../../../../arm-none-eabi/lib/thumb/v7e-m+fp/hard\libc_nano.a(libc_a-memcpy-stub.o)
                0x080085f8                memcpy
 .text._realloc_r
                0x08008614       0x5c F:/STM32CubeIDE/STM32CubeIDE_1.14.1/STM32CubeIDE/plugins/com.st.stm32cube.ide.mcu.externaltools.gnu-tools-for-stm32.12.3.rel1.win32_1.0.200.202406191623/tools/bin/../lib/gcc/arm-none-eabi/12.3.1/../../../../arm-none-eabi/lib/thumb/v7e-m+fp/hard\libc_nano.a(libc_a-reallocr.o)
                0x08008614                _realloc_r
 .text._malloc_usable_size_r
                0x08008670       0x10 F:/STM32CubeIDE/STM32CubeIDE_1.14.1/STM32CubeIDE/plugins/com.st.stm32cube.ide.mcu.externaltools.gnu-tools-for-stm32.12.3.rel1.win32_1.0.200.202406191623/tools/bin/../lib/gcc/arm-none-eabi/12.3.1/../../../../arm-none-eabi/lib/thumb/v7e-m+fp/hard\libc_nano.a(libc_a-msizer.o)
                0x08008670                _malloc_usable_size_r
 *(.glue_7)
 .glue_7        0x08008680        0x0 linker stubs
 *(.glue_7t)
 .glue_7t       0x08008680        0x0 linker stubs
 *(.eh_frame)
 .eh_frame      0x08008680        0x0 F:/STM32CubeIDE/STM32CubeIDE_1.14.1/STM32CubeIDE/plugins/com.st.stm32cube.ide.mcu.externaltools.gnu-tools-for-stm32.12.3.rel1.win32_1.0.200.202406191623/tools/bin/../lib/gcc/arm-none-eabi/12.3.1/thumb/v7e-m+fp/hard/crtbegin.o
 *(.init)
 .init          0x08008680        0x4 F:/STM32CubeIDE/STM32CubeIDE_1.14.1/STM32CubeIDE/plugins/com.st.stm32cube.ide.mcu.externaltools.gnu-tools-for-stm32.12.3.rel1.win32_1.0.200.202406191623/tools/bin/../lib/gcc/arm-none-eabi/12.3.1/thumb/v7e-m+fp/hard/crti.o
                0x08008680                _init
 .init          0x08008684        0x8 F:/STM32CubeIDE/STM32CubeIDE_1.14.1/STM32CubeIDE/plugins/com.st.stm32cube.ide.mcu.externaltools.gnu-tools-for-stm32.12.3.rel1.win32_1.0.200.202406191623/tools/bin/../lib/gcc/arm-none-eabi/12.3.1/thumb/v7e-m+fp/hard/crtn.o
 *(.fini)
 .fini          0x0800868c        0x4 F:/STM32CubeIDE/STM32CubeIDE_1.14.1/STM32CubeIDE/plugins/com.st.stm32cube.ide.mcu.externaltools.gnu-tools-for-stm32.12.3.rel1.win32_1.0.200.202406191623/tools/bin/../lib/gcc/arm-none-eabi/12.3.1/thumb/v7e-m+fp/hard/crti.o
                0x0800868c                _fini
 .fini          0x08008690        0x8 F:/STM32CubeIDE/STM32CubeIDE_1.14.1/STM32CubeIDE/plugins/com.st.stm32cube.ide.mcu.externaltools.gnu-tools-for-stm32.12.3.rel1.win32_1.0.200.202406191623/tools/bin/../lib/gcc/arm-none-eabi/12.3.1/thumb/v7e-m+fp/hard/crtn.o
                0x08008698                        . = ALIGN (0x4)
                0x08008698                        _etext = .

.vfp11_veneer   0x08008698        0x0
 .vfp11_veneer  0x08008698        0x0 linker stubs

.v4_bx          0x08008698        0x0
 .v4_bx         0x08008698        0x0 linker stubs

.iplt           0x08008698        0x0
 .iplt          0x08008698        0x0 F:/STM32CubeIDE/STM32CubeIDE_1.14.1/STM32CubeIDE/plugins/com.st.stm32cube.ide.mcu.externaltools.gnu-tools-for-stm32.12.3.rel1.win32_1.0.200.202406191623/tools/bin/../lib/gcc/arm-none-eabi/12.3.1/thumb/v7e-m+fp/hard/crtbegin.o

.rodata         0x08008698       0xa4
                0x08008698                        . = ALIGN (0x4)
 *(.rodata)
 .rodata        0x08008698       0x10 ./Core/Src/main.o
 .rodata        0x080086a8       0x46 ./USB_DEVICE/App/usbd_desc.o
 *(.rodata*)
 *fill*         0x080086ee        0x2 
 .rodata.AHBPrescTable
                0x080086f0       0x10 ./Core/Src/system_stm32f4xx.o
                0x080086f0                AHBPrescTable
 .rodata.APBPrescTable
                0x08008700        0x8 ./Core/Src/system_stm32f4xx.o
                0x08008700                APBPrescTable
 .rodata._svfprintf_r.str1.1
                0x08008708       0x11 F:/STM32CubeIDE/STM32CubeIDE_1.14.1/STM32CubeIDE/plugins/com.st.stm32cube.ide.mcu.externaltools.gnu-tools-for-stm32.12.3.rel1.win32_1.0.200.202406191623/tools/bin/../lib/gcc/arm-none-eabi/12.3.1/../../../../arm-none-eabi/lib/thumb/v7e-m+fp/hard\libc_nano.a(libc_a-nano-svfprintf.o)
 .rodata._printf_i.str1.1
                0x08008719       0x22 F:/STM32CubeIDE/STM32CubeIDE_1.14.1/STM32CubeIDE/plugins/com.st.stm32cube.ide.mcu.externaltools.gnu-tools-for-stm32.12.3.rel1.win32_1.0.200.202406191623/tools/bin/../lib/gcc/arm-none-eabi/12.3.1/../../../../arm-none-eabi/lib/thumb/v7e-m+fp/hard\libc_nano.a(libc_a-nano-vfprintf_i.o)
                0x0800873c                        . = ALIGN (0x4)
 *fill*         0x0800873b        0x1 

.ARM.extab      0x0800873c        0x0
                0x0800873c                        . = ALIGN (0x4)
 *(.ARM.extab* .gnu.linkonce.armextab.*)
                0x0800873c                        . = ALIGN (0x4)

.ARM            0x0800873c        0x8
                0x0800873c                        . = ALIGN (0x4)
                0x0800873c                        __exidx_start = .
 *(.ARM.exidx*)
 .ARM.exidx     0x0800873c        0x8 F:/STM32CubeIDE/STM32CubeIDE_1.14.1/STM32CubeIDE/plugins/com.st.stm32cube.ide.mcu.externaltools.gnu-tools-for-stm32.12.3.rel1.win32_1.0.200.202406191623/tools/bin/../lib/gcc/arm-none-eabi/12.3.1/../../../../arm-none-eabi/lib/thumb/v7e-m+fp/hard\libc_nano.a(libc_a-strlen.o)
 .ARM.exidx     0x08008744        0x0 F:/STM32CubeIDE/STM32CubeIDE_1.14.1/STM32CubeIDE/plugins/com.st.stm32cube.ide.mcu.externaltools.gnu-tools-for-stm32.12.3.rel1.win32_1.0.200.202406191623/tools/bin/../lib/gcc/arm-none-eabi/12.3.1/../../../../arm-none-eabi/lib/thumb/v7e-m+fp/hard\libc_nano.a(libc_a-memchr.o)
                                  0x8 (size before relaxing)
 .ARM.exidx     0x08008744        0x0 F:/STM32CubeIDE/STM32CubeIDE_1.14.1/STM32CubeIDE/plugins/com.st.stm32cube.ide.mcu.externaltools.gnu-tools-for-stm32.12.3.rel1.win32_1.0.200.202406191623/tools/bin/../lib/gcc/arm-none-eabi/12.3.1/thumb/v7e-m+fp/hard\libgcc.a(_udivmoddi4.o)
                                  0x8 (size before relaxing)
                0x08008744                        __exidx_end = .
                0x08008744                        . = ALIGN (0x4)

.preinit_array  0x08008744        0x0
                0x08008744                        . = ALIGN (0x4)
                0x08008744                        PROVIDE (__preinit_array_start = .)
 *(.preinit_array*)
                0x08008744                        PROVIDE (__preinit_array_end = .)
                0x08008744                        . = ALIGN (0x4)

.init_array     0x08008744        0x4
                0x08008744                        . = ALIGN (0x4)
                0x08008744                        PROVIDE (__init_array_start = .)
 *(SORT_BY_NAME(.init_array.*))
 *(.init_array*)
 .init_array    0x08008744        0x4 F:/STM32CubeIDE/STM32CubeIDE_1.14.1/STM32CubeIDE/plugins/com.st.stm32cube.ide.mcu.externaltools.gnu-tools-for-stm32.12.3.rel1.win32_1.0.200.202406191623/tools/bin/../lib/gcc/arm-none-eabi/12.3.1/thumb/v7e-m+fp/hard/crtbegin.o
                0x08008748                        PROVIDE (__init_array_end = .)
                0x08008748                        . = ALIGN (0x4)

.fini_array     0x08008748        0x4
                0x08008748                        . = ALIGN (0x4)
                [!provide]                        PROVIDE (__fini_array_start = .)
 *(SORT_BY_NAME(.fini_array.*))
 *(.fini_array*)
 .fini_array    0x08008748        0x4 F:/STM32CubeIDE/STM32CubeIDE_1.14.1/STM32CubeIDE/plugins/com.st.stm32cube.ide.mcu.externaltools.gnu-tools-for-stm32.12.3.rel1.win32_1.0.200.202406191623/tools/bin/../lib/gcc/arm-none-eabi/12.3.1/thumb/v7e-m+fp/hard/crtbegin.o
                [!provide]                        PROVIDE (__fini_array_end = .)
                0x0800874c                        . = ALIGN (0x4)
                0x0800874c                        _sidata = LOADADDR (.data)

.rel.dyn        0x0800874c        0x0
 .rel.iplt      0x0800874c        0x0 F:/STM32CubeIDE/STM32CubeIDE_1.14.1/STM32CubeIDE/plugins/com.st.stm32cube.ide.mcu.externaltools.gnu-tools-for-stm32.12.3.rel1.win32_1.0.200.202406191623/tools/bin/../lib/gcc/arm-none-eabi/12.3.1/thumb/v7e-m+fp/hard/crtbegin.o

.data           0x20000000      0x14c load address 0x0800874c
                0x20000000                        . = ALIGN (0x4)
                0x20000000                        _sdata = .
 *(.data)
 *(.data*)
 .data.SystemCoreClock
                0x20000000        0x4 ./Core/Src/system_stm32f4xx.o
                0x20000000                SystemCoreClock
 .data.uwTickPrio
                0x20000004        0x4 ./Drivers/STM32F4xx_HAL_Driver/Src/stm32f4xx_hal.o
                0x20000004                uwTickPrio
 .data.uwTickFreq
                0x20000008        0x1 ./Drivers/STM32F4xx_HAL_Driver/Src/stm32f4xx_hal.o
                0x20000008                uwTickFreq
 *fill*         0x20000009        0x3 
 .data.USBD_CDC_DeviceQualifierDesc
                0x2000000c        0xa ./Middlewares/ST/STM32_USB_Device_Library/Class/CDC/Src/usbd_cdc.o
 *fill*         0x20000016        0x2 
 .data.USBD_CDC
                0x20000018       0x38 ./Middlewares/ST/STM32_USB_Device_Library/Class/CDC/Src/usbd_cdc.o
                0x20000018                USBD_CDC
 .data.USBD_CDC_CfgDesc
                0x20000050       0x43 ./Middlewares/ST/STM32_USB_Device_Library/Class/CDC/Src/usbd_cdc.o
 .data.CDCInEpAdd
                0x20000093        0x1 ./Middlewares/ST/STM32_USB_Device_Library/Class/CDC/Src/usbd_cdc.o
 .data.CDCOutEpAdd
                0x20000094        0x1 ./Middlewares/ST/STM32_USB_Device_Library/Class/CDC/Src/usbd_cdc.o
 .data.CDCCmdEpAdd
                0x20000095        0x1 ./Middlewares/ST/STM32_USB_Device_Library/Class/CDC/Src/usbd_cdc.o
 *fill*         0x20000096        0x2 
 .data.USBD_Interface_fops_FS
                0x20000098       0x14 ./USB_DEVICE/App/usbd_cdc_if.o
                0x20000098                USBD_Interface_fops_FS
 .data.FS_Desc  0x200000ac       0x1c ./USB_DEVICE/App/usbd_desc.o
                0x200000ac                FS_Desc
 .data.USBD_FS_DeviceDesc
                0x200000c8       0x12 ./USB_DEVICE/App/usbd_desc.o
                0x200000c8                USBD_FS_DeviceDesc
 *fill*         0x200000da        0x2 
 .data.USBD_LangIDDesc
                0x200000dc        0x4 ./USB_DEVICE/App/usbd_desc.o
                0x200000dc                USBD_LangIDDesc
 .data.USBD_StringSerial
                0x200000e0       0x1a ./USB_DEVICE/App/usbd_desc.o
                0x200000e0                USBD_StringSerial
 *fill*         0x200000fa        0x2 
 .data._impure_ptr
                0x200000fc        0x4 F:/STM32CubeIDE/STM32CubeIDE_1.14.1/STM32CubeIDE/plugins/com.st.stm32cube.ide.mcu.externaltools.gnu-tools-for-stm32.12.3.rel1.win32_1.0.200.202406191623/tools/bin/../lib/gcc/arm-none-eabi/12.3.1/../../../../arm-none-eabi/lib/thumb/v7e-m+fp/hard\libc_nano.a(libc_a-impure.o)
                0x200000fc                _impure_ptr
 .data._impure_data
                0x20000100       0x4c F:/STM32CubeIDE/STM32CubeIDE_1.14.1/STM32CubeIDE/plugins/com.st.stm32cube.ide.mcu.externaltools.gnu-tools-for-stm32.12.3.rel1.win32_1.0.200.202406191623/tools/bin/../lib/gcc/arm-none-eabi/12.3.1/../../../../arm-none-eabi/lib/thumb/v7e-m+fp/hard\libc_nano.a(libc_a-impure.o)
                0x20000100                _impure_data
 *(.RamFunc)
 *(.RamFunc*)
                0x2000014c                        . = ALIGN (0x4)
                0x2000014c                        _edata = .
                0x08008898                        _siccmram = LOADADDR (.ccmram)

.igot.plt       0x2000014c        0x0 load address 0x08008898
 .igot.plt      0x2000014c        0x0 F:/STM32CubeIDE/STM32CubeIDE_1.14.1/STM32CubeIDE/plugins/com.st.stm32cube.ide.mcu.externaltools.gnu-tools-for-stm32.12.3.rel1.win32_1.0.200.202406191623/tools/bin/../lib/gcc/arm-none-eabi/12.3.1/thumb/v7e-m+fp/hard/crtbegin.o

.ccmram         0x10000000        0x0 load address 0x08008898
                0x10000000                        . = ALIGN (0x4)
                0x10000000                        _sccmram = .
 *(.ccmram)
 *(.ccmram*)
                0x10000000                        . = ALIGN (0x4)
                0x10000000                        _eccmram = .
                0x10000000                        . = ALIGN (0x4)

.bss            0x2000014c     0x1d64
                0x2000014c                        _sbss = .
                0x2000014c                        __bss_start__ = _sbss
 *(.bss)
 .bss           0x2000014c       0x1c F:/STM32CubeIDE/STM32CubeIDE_1.14.1/STM32CubeIDE/plugins/com.st.stm32cube.ide.mcu.externaltools.gnu-tools-for-stm32.12.3.rel1.win32_1.0.200.202406191623/tools/bin/../lib/gcc/arm-none-eabi/12.3.1/thumb/v7e-m+fp/hard/crtbegin.o
 *(.bss*)
 .bss.__sbrk_heap_end
                0x20000168        0x4 ./Core/Src/sysmem.o
 .bss.uwTick    0x2000016c        0x4 ./Drivers/STM32F4xx_HAL_Driver/Src/stm32f4xx_hal.o
                0x2000016c                uwTick
 .bss.cfgidx.0  0x20000170        0x1 ./Middlewares/ST/STM32_USB_Device_Library/Core/Src/usbd_ctlreq.o
 *fill*         0x20000171        0x3 
 .bss.hUsbDeviceFS
                0x20000174      0x2dc ./USB_DEVICE/App/usb_device.o
                0x20000174                hUsbDeviceFS
 .bss.UserRxBufferFS
                0x20000450      0x800 ./USB_DEVICE/App/usbd_cdc_if.o
                0x20000450                UserRxBufferFS
 .bss.UserTxBufferFS
                0x20000c50      0x800 ./USB_DEVICE/App/usbd_cdc_if.o
                0x20000c50                UserTxBufferFS
 .bss.USBD_StrDesc
                0x20001450      0x200 ./USB_DEVICE/App/usbd_desc.o
                0x20001450                USBD_StrDesc
 .bss.hpcd_USB_OTG_FS
                0x20001650      0x4e4 ./USB_DEVICE/Target/usbd_conf.o
                0x20001650                hpcd_USB_OTG_FS
 .bss.mem.0     0x20001b34      0x220 ./USB_DEVICE/Target/usbd_conf.o
 .bss.i2c_state
                0x20001d54        0x1 ./i2c_emulator/i2c_bitbang.o
                0x20001d54                i2c_state
 .bss.count_bit
                0x20001d55        0x1 ./i2c_emulator/i2c_bitbang.o
                0x20001d55                count_bit
 .bss.Slave_Address
                0x20001d56        0x1 ./i2c_emulator/i2c_bitbang.o
                0x20001d56                Slave_Address
 *fill*         0x20001d57        0x1 
 .bss.Slave_rxdata
                0x20001d58        0xa ./i2c_emulator/i2c_bitbang.o
                0x20001d58                Slave_rxdata
 .bss.index_rxdata
                0x20001d62        0x1 ./i2c_emulator/i2c_bitbang.o
                0x20001d62                index_rxdata
 .bss.start_condtion
                0x20001d63        0x1 ./i2c_emulator/i2c_bitbang.o
                0x20001d63                start_condtion
 .bss.check_if_stop
                0x20001d64        0x1 ./i2c_emulator/i2c_bitbang.o
                0x20001d64                check_if_stop
 .bss.bit       0x20001d65        0x1 ./i2c_emulator/i2c_bitbang.o
                0x20001d65                bit
 *fill*         0x20001d66        0x2 
 .bss.__sf      0x20001d68      0x138 F:/STM32CubeIDE/STM32CubeIDE_1.14.1/STM32CubeIDE/plugins/com.st.stm32cube.ide.mcu.externaltools.gnu-tools-for-stm32.12.3.rel1.win32_1.0.200.202406191623/tools/bin/../lib/gcc/arm-none-eabi/12.3.1/../../../../arm-none-eabi/lib/thumb/v7e-m+fp/hard\libc_nano.a(libc_a-findfp.o)
                0x20001d68                __sf
 .bss.errno     0x20001ea0        0x4 F:/STM32CubeIDE/STM32CubeIDE_1.14.1/STM32CubeIDE/plugins/com.st.stm32cube.ide.mcu.externaltools.gnu-tools-for-stm32.12.3.rel1.win32_1.0.200.202406191623/tools/bin/../lib/gcc/arm-none-eabi/12.3.1/../../../../arm-none-eabi/lib/thumb/v7e-m+fp/hard\libc_nano.a(libc_a-reent.o)
                0x20001ea0                errno
 .bss.__lock___malloc_recursive_mutex
                0x20001ea4        0x1 F:/STM32CubeIDE/STM32CubeIDE_1.14.1/STM32CubeIDE/plugins/com.st.stm32cube.ide.mcu.externaltools.gnu-tools-for-stm32.12.3.rel1.win32_1.0.200.202406191623/tools/bin/../lib/gcc/arm-none-eabi/12.3.1/../../../../arm-none-eabi/lib/thumb/v7e-m+fp/hard\libc_nano.a(libc_a-lock.o)
                0x20001ea4                __lock___malloc_recursive_mutex
 *fill*         0x20001ea5        0x3 
 .bss.__malloc_sbrk_start
                0x20001ea8        0x4 F:/STM32CubeIDE/STM32CubeIDE_1.14.1/STM32CubeIDE/plugins/com.st.stm32cube.ide.mcu.externaltools.gnu-tools-for-stm32.12.3.rel1.win32_1.0.200.202406191623/tools/bin/../lib/gcc/arm-none-eabi/12.3.1/../../../../arm-none-eabi/lib/thumb/v7e-m+fp/hard\libc_nano.a(libc_a-mallocr.o)
                0x20001ea8                __malloc_sbrk_start
 .bss.__malloc_free_list
                0x20001eac        0x4 F:/STM32CubeIDE/STM32CubeIDE_1.14.1/STM32CubeIDE/plugins/com.st.stm32cube.ide.mcu.externaltools.gnu-tools-for-stm32.12.3.rel1.win32_1.0.200.202406191623/tools/bin/../lib/gcc/arm-none-eabi/12.3.1/../../../../arm-none-eabi/lib/thumb/v7e-m+fp/hard\libc_nano.a(libc_a-mallocr.o)
                0x20001eac                __malloc_free_list
 *(COMMON)
                0x20001eb0                        . = ALIGN (0x4)
                0x20001eb0                        _ebss = .
                0x20001eb0                        __bss_end__ = _ebss

._user_heap_stack
                0x20001eb0      0x600
                0x20001eb0                        . = ALIGN (0x8)
                [!provide]                        PROVIDE (end = .)
                0x20001eb0                        PROVIDE (_end = .)
                0x200020b0                        . = (. + _Min_Heap_Size)
 *fill*         0x20001eb0      0x200 
                0x200024b0                        . = (. + _Min_Stack_Size)
 *fill*         0x200020b0      0x400 
                0x200024b0                        . = ALIGN (0x8)

/DISCARD/
 libc.a(*)
 libm.a(*)
 libgcc.a(*)

.ARM.attributes
                0x00000000       0x30
 *(.ARM.attributes)
 .ARM.attributes
                0x00000000       0x22 F:/STM32CubeIDE/STM32CubeIDE_1.14.1/STM32CubeIDE/plugins/com.st.stm32cube.ide.mcu.externaltools.gnu-tools-for-stm32.12.3.rel1.win32_1.0.200.202406191623/tools/bin/../lib/gcc/arm-none-eabi/12.3.1/thumb/v7e-m+fp/hard/crti.o
 .ARM.attributes
                0x00000022       0x34 F:/STM32CubeIDE/STM32CubeIDE_1.14.1/STM32CubeIDE/plugins/com.st.stm32cube.ide.mcu.externaltools.gnu-tools-for-stm32.12.3.rel1.win32_1.0.200.202406191623/tools/bin/../lib/gcc/arm-none-eabi/12.3.1/thumb/v7e-m+fp/hard/crtbegin.o
 .ARM.attributes
                0x00000056       0x34 ./Core/Src/main.o
 .ARM.attributes
                0x0000008a       0x34 ./Core/Src/stm32f4xx_hal_msp.o
 .ARM.attributes
                0x000000be       0x34 ./Core/Src/stm32f4xx_it.o
 .ARM.attributes
                0x000000f2       0x34 ./Core/Src/sysmem.o
 .ARM.attributes
                0x00000126       0x34 ./Core/Src/system_stm32f4xx.o
 .ARM.attributes
                0x0000015a       0x21 ./Core/Startup/startup_stm32f407vetx.o
 .ARM.attributes
                0x0000017b       0x34 ./Drivers/STM32F4xx_HAL_Driver/Src/stm32f4xx_hal.o
 .ARM.attributes
                0x000001af       0x34 ./Drivers/STM32F4xx_HAL_Driver/Src/stm32f4xx_hal_cortex.o
 .ARM.attributes
                0x000001e3       0x34 ./Drivers/STM32F4xx_HAL_Driver/Src/stm32f4xx_hal_gpio.o
 .ARM.attributes
                0x00000217       0x34 ./Drivers/STM32F4xx_HAL_Driver/Src/stm32f4xx_hal_pcd.o
 .ARM.attributes
                0x0000024b       0x34 ./Drivers/STM32F4xx_HAL_Driver/Src/stm32f4xx_hal_pcd_ex.o
 .ARM.attributes
                0x0000027f       0x34 ./Drivers/STM32F4xx_HAL_Driver/Src/stm32f4xx_hal_rcc.o
 .ARM.attributes
                0x000002b3       0x34 ./Drivers/STM32F4xx_HAL_Driver/Src/stm32f4xx_ll_gpio.o
 .ARM.attributes
                0x000002e7       0x34 ./Drivers/STM32F4xx_HAL_Driver/Src/stm32f4xx_ll_rcc.o
 .ARM.attributes
                0x0000031b       0x34 ./Drivers/STM32F4xx_HAL_Driver/Src/stm32f4xx_ll_usart.o
 .ARM.attributes
                0x0000034f       0x34 ./Drivers/STM32F4xx_HAL_Driver/Src/stm32f4xx_ll_usb.o
 .ARM.attributes
                0x00000383       0x34 ./Drivers/STM32F4xx_HAL_Driver/Src/stm32f4xx_ll_utils.o
 .ARM.attributes
                0x000003b7       0x34 ./Middlewares/ST/STM32_USB_Device_Library/Class/CDC/Src/usbd_cdc.o
 .ARM.attributes
                0x000003eb       0x34 ./Middlewares/ST/STM32_USB_Device_Library/Core/Src/usbd_core.o
 .ARM.attributes
                0x0000041f       0x34 ./Middlewares/ST/STM32_USB_Device_Library/Core/Src/usbd_ctlreq.o
 .ARM.attributes
                0x00000453       0x34 ./Middlewares/ST/STM32_USB_Device_Library/Core/Src/usbd_ioreq.o
 .ARM.attributes
                0x00000487       0x34 ./USB_DEVICE/App/usb_device.o
 .ARM.attributes
                0x000004bb       0x34 ./USB_DEVICE/App/usbd_cdc_if.o
 .ARM.attributes
                0x000004ef       0x34 ./USB_DEVICE/App/usbd_desc.o
 .ARM.attributes
                0x00000523       0x34 ./USB_DEVICE/Target/usbd_conf.o
 .ARM.attributes
                0x00000557       0x34 ./i2c_emulator/i2c_bitbang.o
 .ARM.attributes
                0x0000058b       0x34 ./my_uart/uart.o
 .ARM.attributes
                0x000005bf       0x34 F:/STM32CubeIDE/STM32CubeIDE_1.14.1/STM32CubeIDE/plugins/com.st.stm32cube.ide.mcu.externaltools.gnu-tools-for-stm32.12.3.rel1.win32_1.0.200.202406191623/tools/bin/../lib/gcc/arm-none-eabi/12.3.1/../../../../arm-none-eabi/lib/thumb/v7e-m+fp/hard\libc_nano.a(libc_a-findfp.o)
 .ARM.attributes
                0x000005f3       0x34 F:/STM32CubeIDE/STM32CubeIDE_1.14.1/STM32CubeIDE/plugins/com.st.stm32cube.ide.mcu.externaltools.gnu-tools-for-stm32.12.3.rel1.win32_1.0.200.202406191623/tools/bin/../lib/gcc/arm-none-eabi/12.3.1/../../../../arm-none-eabi/lib/thumb/v7e-m+fp/hard\libc_nano.a(libc_a-vsnprintf.o)
 .ARM.attributes
                0x00000627       0x34 F:/STM32CubeIDE/STM32CubeIDE_1.14.1/STM32CubeIDE/plugins/com.st.stm32cube.ide.mcu.externaltools.gnu-tools-for-stm32.12.3.rel1.win32_1.0.200.202406191623/tools/bin/../lib/gcc/arm-none-eabi/12.3.1/../../../../arm-none-eabi/lib/thumb/v7e-m+fp/hard\libc_nano.a(libc_a-memset.o)
 .ARM.attributes
                0x0000065b       0x34 F:/STM32CubeIDE/STM32CubeIDE_1.14.1/STM32CubeIDE/plugins/com.st.stm32cube.ide.mcu.externaltools.gnu-tools-for-stm32.12.3.rel1.win32_1.0.200.202406191623/tools/bin/../lib/gcc/arm-none-eabi/12.3.1/../../../../arm-none-eabi/lib/thumb/v7e-m+fp/hard\libc_nano.a(libc_a-reent.o)
 .ARM.attributes
                0x0000068f       0x34 F:/STM32CubeIDE/STM32CubeIDE_1.14.1/STM32CubeIDE/plugins/com.st.stm32cube.ide.mcu.externaltools.gnu-tools-for-stm32.12.3.rel1.win32_1.0.200.202406191623/tools/bin/../lib/gcc/arm-none-eabi/12.3.1/../../../../arm-none-eabi/lib/thumb/v7e-m+fp/hard\libc_nano.a(libc_a-impure.o)
 .ARM.attributes
                0x000006c3       0x34 F:/STM32CubeIDE/STM32CubeIDE_1.14.1/STM32CubeIDE/plugins/com.st.stm32cube.ide.mcu.externaltools.gnu-tools-for-stm32.12.3.rel1.win32_1.0.200.202406191623/tools/bin/../lib/gcc/arm-none-eabi/12.3.1/../../../../arm-none-eabi/lib/thumb/v7e-m+fp/hard\libc_nano.a(libc_a-errno.o)
 .ARM.attributes
                0x000006f7       0x34 F:/STM32CubeIDE/STM32CubeIDE_1.14.1/STM32CubeIDE/plugins/com.st.stm32cube.ide.mcu.externaltools.gnu-tools-for-stm32.12.3.rel1.win32_1.0.200.202406191623/tools/bin/../lib/gcc/arm-none-eabi/12.3.1/../../../../arm-none-eabi/lib/thumb/v7e-m+fp/hard\libc_nano.a(libc_a-init.o)
 .ARM.attributes
                0x0000072b       0x34 F:/STM32CubeIDE/STM32CubeIDE_1.14.1/STM32CubeIDE/plugins/com.st.stm32cube.ide.mcu.externaltools.gnu-tools-for-stm32.12.3.rel1.win32_1.0.200.202406191623/tools/bin/../lib/gcc/arm-none-eabi/12.3.1/../../../../arm-none-eabi/lib/thumb/v7e-m+fp/hard\libc_nano.a(libc_a-lock.o)
 .ARM.attributes
                0x0000075f       0x17 F:/STM32CubeIDE/STM32CubeIDE_1.14.1/STM32CubeIDE/plugins/com.st.stm32cube.ide.mcu.externaltools.gnu-tools-for-stm32.12.3.rel1.win32_1.0.200.202406191623/tools/bin/../lib/gcc/arm-none-eabi/12.3.1/../../../../arm-none-eabi/lib/thumb/v7e-m+fp/hard\libc_nano.a(libc_a-strlen.o)
 .ARM.attributes
                0x00000776       0x34 F:/STM32CubeIDE/STM32CubeIDE_1.14.1/STM32CubeIDE/plugins/com.st.stm32cube.ide.mcu.externaltools.gnu-tools-for-stm32.12.3.rel1.win32_1.0.200.202406191623/tools/bin/../lib/gcc/arm-none-eabi/12.3.1/../../../../arm-none-eabi/lib/thumb/v7e-m+fp/hard\libc_nano.a(libc_a-freer.o)
 .ARM.attributes
                0x000007aa       0x34 F:/STM32CubeIDE/STM32CubeIDE_1.14.1/STM32CubeIDE/plugins/com.st.stm32cube.ide.mcu.externaltools.gnu-tools-for-stm32.12.3.rel1.win32_1.0.200.202406191623/tools/bin/../lib/gcc/arm-none-eabi/12.3.1/../../../../arm-none-eabi/lib/thumb/v7e-m+fp/hard\libc_nano.a(libc_a-mallocr.o)
 .ARM.attributes
                0x000007de       0x34 F:/STM32CubeIDE/STM32CubeIDE_1.14.1/STM32CubeIDE/plugins/com.st.stm32cube.ide.mcu.externaltools.gnu-tools-for-stm32.12.3.rel1.win32_1.0.200.202406191623/tools/bin/../lib/gcc/arm-none-eabi/12.3.1/../../../../arm-none-eabi/lib/thumb/v7e-m+fp/hard\libc_nano.a(libc_a-mlock.o)
 .ARM.attributes
                0x00000812       0x34 F:/STM32CubeIDE/STM32CubeIDE_1.14.1/STM32CubeIDE/plugins/com.st.stm32cube.ide.mcu.externaltools.gnu-tools-for-stm32.12.3.rel1.win32_1.0.200.202406191623/tools/bin/../lib/gcc/arm-none-eabi/12.3.1/../../../../arm-none-eabi/lib/thumb/v7e-m+fp/hard\libc_nano.a(libc_a-nano-svfprintf.o)
 .ARM.attributes
                0x00000846       0x34 F:/STM32CubeIDE/STM32CubeIDE_1.14.1/STM32CubeIDE/plugins/com.st.stm32cube.ide.mcu.externaltools.gnu-tools-for-stm32.12.3.rel1.win32_1.0.200.202406191623/tools/bin/../lib/gcc/arm-none-eabi/12.3.1/../../../../arm-none-eabi/lib/thumb/v7e-m+fp/hard\libc_nano.a(libc_a-nano-vfprintf_i.o)
 .ARM.attributes
                0x0000087a       0x34 F:/STM32CubeIDE/STM32CubeIDE_1.14.1/STM32CubeIDE/plugins/com.st.stm32cube.ide.mcu.externaltools.gnu-tools-for-stm32.12.3.rel1.win32_1.0.200.202406191623/tools/bin/../lib/gcc/arm-none-eabi/12.3.1/../../../../arm-none-eabi/lib/thumb/v7e-m+fp/hard\libc_nano.a(libc_a-memmove.o)
 .ARM.attributes
                0x000008ae       0x34 F:/STM32CubeIDE/STM32CubeIDE_1.14.1/STM32CubeIDE/plugins/com.st.stm32cube.ide.mcu.externaltools.gnu-tools-for-stm32.12.3.rel1.win32_1.0.200.202406191623/tools/bin/../lib/gcc/arm-none-eabi/12.3.1/../../../../arm-none-eabi/lib/thumb/v7e-m+fp/hard\libc_nano.a(libc_a-sbrkr.o)
 .ARM.attributes
                0x000008e2       0x1c F:/STM32CubeIDE/STM32CubeIDE_1.14.1/STM32CubeIDE/plugins/com.st.stm32cube.ide.mcu.externaltools.gnu-tools-for-stm32.12.3.rel1.win32_1.0.200.202406191623/tools/bin/../lib/gcc/arm-none-eabi/12.3.1/../../../../arm-none-eabi/lib/thumb/v7e-m+fp/hard\libc_nano.a(libc_a-memchr.o)
 .ARM.attributes
                0x000008fe       0x34 F:/STM32CubeIDE/STM32CubeIDE_1.14.1/STM32CubeIDE/plugins/com.st.stm32cube.ide.mcu.externaltools.gnu-tools-for-stm32.12.3.rel1.win32_1.0.200.202406191623/tools/bin/../lib/gcc/arm-none-eabi/12.3.1/../../../../arm-none-eabi/lib/thumb/v7e-m+fp/hard\libc_nano.a(libc_a-memcpy-stub.o)
 .ARM.attributes
                0x00000932       0x34 F:/STM32CubeIDE/STM32CubeIDE_1.14.1/STM32CubeIDE/plugins/com.st.stm32cube.ide.mcu.externaltools.gnu-tools-for-stm32.12.3.rel1.win32_1.0.200.202406191623/tools/bin/../lib/gcc/arm-none-eabi/12.3.1/../../../../arm-none-eabi/lib/thumb/v7e-m+fp/hard\libc_nano.a(libc_a-reallocr.o)
 .ARM.attributes
                0x00000966       0x34 F:/STM32CubeIDE/STM32CubeIDE_1.14.1/STM32CubeIDE/plugins/com.st.stm32cube.ide.mcu.externaltools.gnu-tools-for-stm32.12.3.rel1.win32_1.0.200.202406191623/tools/bin/../lib/gcc/arm-none-eabi/12.3.1/../../../../arm-none-eabi/lib/thumb/v7e-m+fp/hard\libc_nano.a(libc_a-msizer.o)
 .ARM.attributes
                0x0000099a       0x22 F:/STM32CubeIDE/STM32CubeIDE_1.14.1/STM32CubeIDE/plugins/com.st.stm32cube.ide.mcu.externaltools.gnu-tools-for-stm32.12.3.rel1.win32_1.0.200.202406191623/tools/bin/../lib/gcc/arm-none-eabi/12.3.1/thumb/v7e-m+fp/hard\libgcc.a(_aeabi_uldivmod.o)
 .ARM.attributes
                0x000009bc       0x34 F:/STM32CubeIDE/STM32CubeIDE_1.14.1/STM32CubeIDE/plugins/com.st.stm32cube.ide.mcu.externaltools.gnu-tools-for-stm32.12.3.rel1.win32_1.0.200.202406191623/tools/bin/../lib/gcc/arm-none-eabi/12.3.1/thumb/v7e-m+fp/hard\libgcc.a(_udivmoddi4.o)
 .ARM.attributes
                0x000009f0       0x22 F:/STM32CubeIDE/STM32CubeIDE_1.14.1/STM32CubeIDE/plugins/com.st.stm32cube.ide.mcu.externaltools.gnu-tools-for-stm32.12.3.rel1.win32_1.0.200.202406191623/tools/bin/../lib/gcc/arm-none-eabi/12.3.1/thumb/v7e-m+fp/hard\libgcc.a(_dvmd_tls.o)
 .ARM.attributes
                0x00000a12       0x22 F:/STM32CubeIDE/STM32CubeIDE_1.14.1/STM32CubeIDE/plugins/com.st.stm32cube.ide.mcu.externaltools.gnu-tools-for-stm32.12.3.rel1.win32_1.0.200.202406191623/tools/bin/../lib/gcc/arm-none-eabi/12.3.1/thumb/v7e-m+fp/hard/crtn.o
OUTPUT(test_i2c_usb_f407vet6.elf elf32-littlearm)
LOAD linker stubs
LOAD F:/STM32CubeIDE/STM32CubeIDE_1.14.1/STM32CubeIDE/plugins/com.st.stm32cube.ide.mcu.externaltools.gnu-tools-for-stm32.12.3.rel1.win32_1.0.200.202406191623/tools/bin/../lib/gcc/arm-none-eabi/12.3.1/../../../../arm-none-eabi/lib/thumb/v7e-m+fp/hard\libc.a
LOAD F:/STM32CubeIDE/STM32CubeIDE_1.14.1/STM32CubeIDE/plugins/com.st.stm32cube.ide.mcu.externaltools.gnu-tools-for-stm32.12.3.rel1.win32_1.0.200.202406191623/tools/bin/../lib/gcc/arm-none-eabi/12.3.1/../../../../arm-none-eabi/lib/thumb/v7e-m+fp/hard\libm.a
LOAD F:/STM32CubeIDE/STM32CubeIDE_1.14.1/STM32CubeIDE/plugins/com.st.stm32cube.ide.mcu.externaltools.gnu-tools-for-stm32.12.3.rel1.win32_1.0.200.202406191623/tools/bin/../lib/gcc/arm-none-eabi/12.3.1/thumb/v7e-m+fp/hard\libgcc.a

.debug_info     0x00000000    0x1183f
 .debug_info    0x00000000      0xfde ./Core/Src/main.o
 .debug_info    0x00000fde      0x2b8 ./Core/Src/stm32f4xx_hal_msp.o
 .debug_info    0x00001296      0x73c ./Core/Src/stm32f4xx_it.o
 .debug_info    0x000019d2      0x168 ./Core/Src/sysmem.o
 .debug_info    0x00001b3a      0x512 ./Core/Src/system_stm32f4xx.o
 .debug_info    0x0000204c       0x30 ./Core/Startup/startup_stm32f407vetx.o
 .debug_info    0x0000207c      0x944 ./Drivers/STM32F4xx_HAL_Driver/Src/stm32f4xx_hal.o
 .debug_info    0x000029c0      0xd8c ./Drivers/STM32F4xx_HAL_Driver/Src/stm32f4xx_hal_cortex.o
 .debug_info    0x0000374c      0x6c3 ./Drivers/STM32F4xx_HAL_Driver/Src/stm32f4xx_hal_gpio.o
 .debug_info    0x00003e0f     0x156f ./Drivers/STM32F4xx_HAL_Driver/Src/stm32f4xx_hal_pcd.o
 .debug_info    0x0000537e      0x6ea ./Drivers/STM32F4xx_HAL_Driver/Src/stm32f4xx_hal_pcd_ex.o
 .debug_info    0x00005a68      0x8af ./Drivers/STM32F4xx_HAL_Driver/Src/stm32f4xx_hal_rcc.o
 .debug_info    0x00006317      0x927 ./Drivers/STM32F4xx_HAL_Driver/Src/stm32f4xx_ll_gpio.o
 .debug_info    0x00006c3e      0x74b ./Drivers/STM32F4xx_HAL_Driver/Src/stm32f4xx_ll_rcc.o
 .debug_info    0x00007389      0x6f2 ./Drivers/STM32F4xx_HAL_Driver/Src/stm32f4xx_ll_usart.o
 .debug_info    0x00007a7b     0x1993 ./Drivers/STM32F4xx_HAL_Driver/Src/stm32f4xx_ll_usb.o
 .debug_info    0x0000940e      0x8fc ./Drivers/STM32F4xx_HAL_Driver/Src/stm32f4xx_ll_utils.o
 .debug_info    0x00009d0a     0x12cf ./Middlewares/ST/STM32_USB_Device_Library/Class/CDC/Src/usbd_cdc.o
 .debug_info    0x0000afd9      0xe31 ./Middlewares/ST/STM32_USB_Device_Library/Core/Src/usbd_core.o
 .debug_info    0x0000be0a      0xb0a ./Middlewares/ST/STM32_USB_Device_Library/Core/Src/usbd_ctlreq.o
 .debug_info    0x0000c914      0x781 ./Middlewares/ST/STM32_USB_Device_Library/Core/Src/usbd_ioreq.o
 .debug_info    0x0000d095      0x72d ./USB_DEVICE/App/usb_device.o
 .debug_info    0x0000d7c2      0x926 ./USB_DEVICE/App/usbd_cdc_if.o
 .debug_info    0x0000e0e8      0x484 ./USB_DEVICE/App/usbd_desc.o
 .debug_info    0x0000e56c     0x1c99 ./USB_DEVICE/Target/usbd_conf.o
 .debug_info    0x00010205     0x132c ./i2c_emulator/i2c_bitbang.o
 .debug_info    0x00011531      0x30e ./my_uart/uart.o

.debug_abbrev   0x00000000     0x3a00
 .debug_abbrev  0x00000000      0x306 ./Core/Src/main.o
 .debug_abbrev  0x00000306       0xdd ./Core/Src/stm32f4xx_hal_msp.o
 .debug_abbrev  0x000003e3      0x22d ./Core/Src/stm32f4xx_it.o
 .debug_abbrev  0x00000610       0xbc ./Core/Src/sysmem.o
 .debug_abbrev  0x000006cc      0x11a ./Core/Src/system_stm32f4xx.o
 .debug_abbrev  0x000007e6       0x24 ./Core/Startup/startup_stm32f407vetx.o
 .debug_abbrev  0x0000080a      0x214 ./Drivers/STM32F4xx_HAL_Driver/Src/stm32f4xx_hal.o
 .debug_abbrev  0x00000a1e      0x31d ./Drivers/STM32F4xx_HAL_Driver/Src/stm32f4xx_hal_cortex.o
 .debug_abbrev  0x00000d3b      0x1d4 ./Drivers/STM32F4xx_HAL_Driver/Src/stm32f4xx_hal_gpio.o
 .debug_abbrev  0x00000f0f      0x2b9 ./Drivers/STM32F4xx_HAL_Driver/Src/stm32f4xx_hal_pcd.o
 .debug_abbrev  0x000011c8      0x1da ./Drivers/STM32F4xx_HAL_Driver/Src/stm32f4xx_hal_pcd_ex.o
 .debug_abbrev  0x000013a2      0x2b7 ./Drivers/STM32F4xx_HAL_Driver/Src/stm32f4xx_hal_rcc.o
 .debug_abbrev  0x00001659      0x237 ./Drivers/STM32F4xx_HAL_Driver/Src/stm32f4xx_ll_gpio.o
 .debug_abbrev  0x00001890      0x1ed ./Drivers/STM32F4xx_HAL_Driver/Src/stm32f4xx_ll_rcc.o
 .debug_abbrev  0x00001a7d      0x1f2 ./Drivers/STM32F4xx_HAL_Driver/Src/stm32f4xx_ll_usart.o
 .debug_abbrev  0x00001c6f      0x2b3 ./Drivers/STM32F4xx_HAL_Driver/Src/stm32f4xx_ll_usb.o
 .debug_abbrev  0x00001f22      0x223 ./Drivers/STM32F4xx_HAL_Driver/Src/stm32f4xx_ll_utils.o
 .debug_abbrev  0x00002145      0x2ea ./Middlewares/ST/STM32_USB_Device_Library/Class/CDC/Src/usbd_cdc.o
 .debug_abbrev  0x0000242f      0x294 ./Middlewares/ST/STM32_USB_Device_Library/Core/Src/usbd_core.o